ARM Linker, 5.03 [Build 76] [MDK-ARM Standard]

==============================================================================

Section Cross References

    main.o(.text) refers to briuptim2.o(.text) for briupTIM2Init
    main.o(.text) refers to briupnvic.o(.text) for briupNVICGroupInit
    main.o(.text) refers to briupdelay.o(.text) for delay_init
    main.o(.text) refers to briupbaseperiph.o(.text) for basePeriphInit
    main.o(.text) refers to briupkeyboard.o(.text) for briupKeyInit
    main.o(.text) refers to briupusart1.o(.text) for briupUsart1Init
    main.o(.text) refers to briuplcd.o(.text) for briupLcdInit
    main.o(.text) refers to briupmpu6050.o(.text) for briupMPU6050Init
    main.o(.text) refers to test.o(.constdata) for gImage_test
    main.o(.text) refers to briuplcd.o(.bss) for lcddev
    startup_stm32f10x_hd.o(STACK) refers (Special) to heapauxi.o(.text) for __use_two_region_memory
    startup_stm32f10x_hd.o(HEAP) refers (Special) to heapauxi.o(.text) for __use_two_region_memory
    startup_stm32f10x_hd.o(RESET) refers (Special) to heapauxi.o(.text) for __use_two_region_memory
    startup_stm32f10x_hd.o(RESET) refers to startup_stm32f10x_hd.o(STACK) for __initial_sp
    startup_stm32f10x_hd.o(RESET) refers to startup_stm32f10x_hd.o(.text) for Reset_Handler
    startup_stm32f10x_hd.o(RESET) refers to briupkeyboard.o(.text) for EXTI4_IRQHandler
    startup_stm32f10x_hd.o(RESET) refers to briuptim2.o(.text) for TIM2_IRQHandler
    startup_stm32f10x_hd.o(RESET) refers to briupusart1.o(.text) for USART1_IRQHandler
    startup_stm32f10x_hd.o(.text) refers (Special) to heapauxi.o(.text) for __use_two_region_memory
    startup_stm32f10x_hd.o(.text) refers to system_stm32f10x.o(.text) for SystemInit
    startup_stm32f10x_hd.o(.text) refers to __main.o(!!!main) for __main
    startup_stm32f10x_hd.o(.text) refers to startup_stm32f10x_hd.o(HEAP) for Heap_Mem
    startup_stm32f10x_hd.o(.text) refers to startup_stm32f10x_hd.o(STACK) for Stack_Mem
    briupdelay.o(.text) refers to dmul.o(x$fpl$dmul) for __aeabi_dmul
    briupdelay.o(.text) refers to dfixu.o(x$fpl$dfixu) for __aeabi_d2uiz
    briupdelay.o(.text) refers to briupdelay.o(.data) for fac_us
    briupkeyboard.o(.text) refers to briupnvic.o(.text) for briupExNVICInit
    briupusart1.o(.text) refers (Special) to use_no_semi_2.o(.text) for __use_no_semihosting
    briupusart1.o(.text) refers to _printf_percent.o(.ARM.Collect$$_printf_percent$$00000000) for _printf_percent
    briupusart1.o(.text) refers to _printf_c.o(.ARM.Collect$$_printf_percent$$00000013) for _printf_c
    briupusart1.o(.text) refers to _printf_str.o(.text) for _printf_str
    briupusart1.o(.text) refers to dflt_clz.o(x$fpl$dfltu) for __aeabi_ui2d
    briupusart1.o(.text) refers to dmul.o(x$fpl$dmul) for __aeabi_dmul
    briupusart1.o(.text) refers to ddiv.o(x$fpl$ddiv) for __aeabi_ddiv
    briupusart1.o(.text) refers to dfixu.o(x$fpl$dfixu) for __aeabi_d2uiz
    briupusart1.o(.text) refers to daddsub_clz.o(x$fpl$drsb) for __aeabi_drsub
    briupusart1.o(.text) refers to briupnvic.o(.text) for briupNVICPriorityConfig
    briupusart1.o(.text) refers to noretval__2printf.o(.text) for __2printf
    briupusart1.o(.data) refers (Special) to use_no_semi_2.o(.text) for __use_no_semihosting
    briupnvic.o(.text) refers to briupnvic.o(.data) for NVIC_group
    briuptim2.o(.text) refers to briupnvic.o(.text) for briupNVICPriorityConfig
    briuptim2.o(.text) refers to briupbaseperiph.o(.text) for setBeep
    briuptim2.o(.text) refers to briuptim2.o(.data) for BeepFlag
    briupfsmc.o(.text) refers to briupdelay.o(.text) for _delay_ms
    briuplcd.o(.text) refers to _printf_percent.o(.ARM.Collect$$_printf_percent$$00000000) for _printf_percent
    briuplcd.o(.text) refers to _printf_x.o(.ARM.Collect$$_printf_percent$$0000000C) for _printf_x
    briuplcd.o(.text) refers to _printf_hex_int.o(.text) for _printf_longlong_hex
    briuplcd.o(.text) refers to briupdelay.o(.text) for _delay_us
    briuplcd.o(.text) refers to briupfsmc.o(.text) for briupFSMCInit
    briuplcd.o(.text) refers to noretval__2printf.o(.text) for __2printf
    briuplcd.o(.text) refers to briuplcd.o(.data) for BACK_COLOR
    briuplcd.o(.text) refers to briuplcd.o(.bss) for lcddev
    briuplcd.o(.text) refers to briuplcd.o(.constdata) for asc2_1206
    briupmpu6050.o(.text) refers to briupmpudriver.o(.text) for i2cInit
    briupmpu6050.o(.text) refers to inv_mpu.o(.text) for mpu_init
    briupmpu6050.o(.text) refers to noretval__2printf.o(.text) for __2printf
    briupmpu6050.o(.text) refers to fflt_clz.o(x$fpl$fflt) for __aeabi_i2f
    briupmpu6050.o(.text) refers to fdiv.o(x$fpl$fdiv) for __aeabi_fdiv
    briupmpu6050.o(.text) refers to fmul.o(x$fpl$fmul) for __aeabi_fmul
    briupmpu6050.o(.text) refers to faddsub_clz.o(x$fpl$fsub) for __aeabi_fsub
    briupmpu6050.o(.text) refers to f2d.o(x$fpl$f2d) for __aeabi_f2d
    briupmpu6050.o(.text) refers to asin.o(i.asin) for asin
[...]
    ../clib/printf.c                         0x00000000   Number         0  __2printf.o ABSOLUTE
    ../clib/printf_percent.s                 0x00000000   Number         0  _printf_x.o ABSOLUTE
    ../clib/printf_percent.s                 0x00000000   Number         0  _printf_percent.o ABSOLUTE
    ../clib/printf_percent.s                 0x00000000   Number         0  _printf_c.o ABSOLUTE
    ../clib/printf_percent.s                 0x00000000   Number         0  _printf_percent_end.o ABSOLUTE
    ../clib/signal.c                         0x00000000   Number         0  defsig_cppl_inner.o ABSOLUTE
    ../clib/signal.c                         0x00000000   Number         0  defsig_fpe_inner.o ABSOLUTE
    ../clib/signal.c                         0x00000000   Number         0  defsig_segv_inner.o ABSOLUTE
    ../clib/signal.c                         0x00000000   Number         0  defsig_other.o ABSOLUTE
    ../clib/signal.c                         0x00000000   Number         0  defsig_stak_inner.o ABSOLUTE
    ../clib/signal.c                         0x00000000   Number         0  defsig_fpe_formal.o ABSOLUTE
    ../clib/signal.c                         0x00000000   Number         0  defsig_general.o ABSOLUTE
    ../clib/signal.c                         0x00000000   Number         0  __raise.o ABSOLUTE
    ../clib/signal.c                         0x00000000   Number         0  defsig_pvfn_inner.o ABSOLUTE
    ../clib/signal.c                         0x00000000   Number         0  defsig_exit.o ABSOLUTE
    ../clib/signal.c                         0x00000000   Number         0  defsig_abrt_inner.o ABSOLUTE
    ../clib/signal.c                         0x00000000   Number         0  defsig_rtmem_inner.o ABSOLUTE
    ../clib/signal.c                         0x00000000   Number         0  defsig_fpe_outer.o ABSOLUTE
    ../clib/signal.c                         0x00000000   Number         0  defsig_rtred_inner.o ABSOLUTE
    ../clib/signal.c                         0x00000000   Number         0  defsig_rtmem_formal.o ABSOLUTE
    ../clib/signal.c                         0x00000000   Number         0  defsig_rtmem_outer.o ABSOLUTE
    ../clib/signal.s                         0x00000000   Number         0  defsig.o ABSOLUTE
    ../clib/stdio.c                          0x00000000   Number         0  ferror.o ABSOLUTE
    ../clib/stdio.c                          0x00000000   Number         0  ferror_locked.o ABSOLUTE
    ../clib/stdlib.c                         0x00000000   Number         0  exit.o ABSOLUTE
    ../clib/string.c                         0x00000000   Number         0  memcmp.o ABSOLUTE
    ../fplib/d2f.s                           0x00000000   Number         0  d2f.o ABSOLUTE
    ../fplib/daddsub.s                       0x00000000   Number         0  daddsub_clz.o ABSOLUTE
    ../fplib/dcheck1.s                       0x00000000   Number         0  dcheck1.o ABSOLUTE
    ../fplib/dcmpi.s                         0x00000000   Number         0  dcmpi.o ABSOLUTE
    ../fplib/ddiv.s                          0x00000000   Number         0  ddiv.o ABSOLUTE
    ../fplib/dfixu.s                         0x00000000   Number         0  dfixu.o ABSOLUTE
    ../fplib/dflt.s                          0x00000000   Number         0  dflt_clz.o ABSOLUTE
    ../fplib/dleqf.s                         0x00000000   Number         0  dleqf.o ABSOLUTE
    ../fplib/dmul.s                          0x00000000   Number         0  dmul.o ABSOLUTE
    ../fplib/dnaninf.s                       0x00000000   Number         0  dnaninf.o ABSOLUTE
    ../fplib/dretinf.s                       0x00000000   Number         0  dretinf.o ABSOLUTE
    ../fplib/dsqrt.s                         0x00000000   Number         0  dsqrt_noumaal.o ABSOLUTE
    ../fplib/f2d.s                           0x00000000   Number         0  f2d.o ABSOLUTE
    ../fplib/faddsub.s                       0x00000000   Number         0  faddsub_clz.o ABSOLUTE
    ../fplib/fcmpi.s                         0x00000000   Number         0  fcmpi.o ABSOLUTE
    ../fplib/fdiv.s                          0x00000000   Number         0  fdiv.o ABSOLUTE
    ../fplib/feqf.s                          0x00000000   Number         0  feqf.o ABSOLUTE
    ../fplib/ffix.s                          0x00000000   Number         0  ffix.o ABSOLUTE
    ../fplib/ffixu.s                         0x00000000   Number         0  ffixu.o ABSOLUTE
    ../fplib/fflt.s                          0x00000000   Number         0  fflt_clz.o ABSOLUTE
    ../fplib/fleqf.s                         0x00000000   Number         0  fleqf.o ABSOLUTE
    ../fplib/fmul.s                          0x00000000   Number         0  fmul.o ABSOLUTE
    ../fplib/fnaninf.s                       0x00000000   Number         0  fnaninf.o ABSOLUTE
    ../fplib/fpinit.s                        0x00000000   Number         0  fpinit.o ABSOLUTE
    ../fplib/fretinf.s                       0x00000000   Number         0  fretinf.o ABSOLUTE
    ../fplib/frleqf.s                        0x00000000   Number         0  frleqf.o ABSOLUTE
    ../fplib/retnan.s                        0x00000000   Number         0  retnan.o ABSOLUTE
    ../fplib/scalbn.s                        0x00000000   Number         0  scalbn.o ABSOLUTE
    ../fplib/trapv.s                         0x00000000   Number         0  trapv.o ABSOLUTE
    ../fplib/usenofp.s                       0x00000000   Number         0  usenofp.o ABSOLUTE
    ../mathlib/asin.c                        0x00000000   Number         0  asin.o ABSOLUTE
    ../mathlib/asin.c                        0x00000000   Number         0  asin_x.o ABSOLUTE
    ../mathlib/atan.c                        0x00000000   Number         0  atan.o ABSOLUTE
    ../mathlib/atan.c                        0x00000000   Number         0  atan_x.o ABSOLUTE
    ../mathlib/atan2.c                       0x00000000   Number         0  atan2_x.o ABSOLUTE
    ../mathlib/atan2.c                       0x00000000   Number         0  atan2.o ABSOLUTE
    ../mathlib/dunder.c                      0x00000000   Number         0  dunder.o ABSOLUTE
    ../mathlib/fpclassify.c                  0x00000000   Number         0  fpclassify.o ABSOLUTE
    ../mathlib/poly.c                        0x00000000   Number         0  poly.o ABSOLUTE
    ../mathlib/qnan.c                        0x00000000   Number         0  qnan.o ABSOLUTE
    ../mathlib/sqrt.c                        0x00000000   Number         0  sqrt_x.o ABSOLUTE
    ../mathlib/sqrt.c                        0x00000000   Number         0  sqrt.o ABSOLUTE
    ..\..\Hardware\src\briupBasePeriph.c     0x00000000   Number         0  briupbaseperiph.o ABSOLUTE
    ..\..\Hardware\src\briupDelay.c          0x00000000   Number         0  briupdelay.o ABSOLUTE
    ..\..\Hardware\src\briupFSMC.c           0x00000000   Number         0  briupfsmc.o ABSOLUTE
    ..\..\Hardware\src\briupKeyboard.c       0x00000000   Number         0  briupkeyboard.o ABSOLUTE
    ..\..\Hardware\src\briupLCD.c            0x00000000   Number         0  briuplcd.o ABSOLUTE
    ..\..\Hardware\src\briupMPU6050.c        0x00000000   Number         0  briupmpu6050.o ABSOLUTE
    ..\..\Hardware\src\briupMPUDriver.c      0x00000000   Number         0  briupmpudriver.o ABSOLUTE
    ..\..\Hardware\src\briupNVIC.c           0x00000000   Number         0  briupnvic.o ABSOLUTE
    ..\..\Hardware\src\briupTIM2.c           0x00000000   Number         0  briuptim2.o ABSOLUTE
    ..\..\Hardware\src\briupUsart1.c         0x00000000   Number         0  briupusart1.o ABSOLUTE
    ..\..\Hardware\src\inv_mpu.c             0x00000000   Number         0  inv_mpu.o ABSOLUTE
    ..\..\Libraries\CMSIS\CM3\CoreSupport\core_cm3.c 0x00000000   Number         0  core_cm3.o ABSOLUTE
    ..\..\Libraries\CMSIS\CM3\DeviceSupport\ST\STM32F10x\startup\arm\startup_stm32f10x_hd.s 0x00000000   Number         0  startup_stm32f10x_hd.o ABSOLUTE
    ..\..\Libraries\CMSIS\CM3\DeviceSupport\ST\STM32F10x\system_stm32f10x.c 0x00000000   Number         0  system_stm32f10x.o ABSOLUTE
    ..\..\Resources\test.c                   0x00000000   Number         0  test.o ABSOLUTE
    ..\..\User\src\main.c                    0x00000000   Number         0  main.o ABSOLUTE
    ..\\..\\Libraries\\CMSIS\\CM3\\CoreSupport\\core_cm3.c 0x00000000   Number         0  core_cm3.o ABSOLUTE
    dc.s                                     0x00000000   Number         0  dc.o ABSOLUTE
    RESET                                    0x08000000   Section      304  startup_stm32f10x_hd.o(RESET)
    !!!main                                  0x08000130   Section        8  __main.o(!!!main)
    !!!scatter                               0x08000138   Section       52  __scatter.o(!!!scatter)
    !!handler_copy                           0x0800016c   Section       26  __scatter_copy.o(!!handler_copy)
    !!handler_zi                             0x08000188   Section       28  __scatter_zi.o(!!handler_zi)
    .ARM.Collect$$_printf_percent$$00000000  0x080001a4   Section        0  _printf_percent.o(.ARM.Collect$$_printf_percent$$00000000)
    .ARM.Collect$$_printf_percent$$0000000C  0x080001a4   Section        6  _printf_x.o(.ARM.Collect$$_printf_percent$$0000000C)
    .ARM.Collect$$_printf_percent$$00000013  0x080001aa   Section        6  _printf_c.o(.ARM.Collect$$_printf_percent$$00000013)
    .ARM.Collect$$_printf_percent$$00000017  0x080001b0   Section        4  _printf_percent_end.o(.ARM.Collect$$_printf_percent$$00000017)
    .ARM.Collect$$libinit$$00000000          0x080001b4   Section        2  libinit.o(.ARM.Collect$$libinit$$00000000)
    .ARM.Collect$$libinit$$00000002          0x080001b6   Section        0  libinit2.o(.ARM.Collect$$libinit$$00000002)
    .ARM.Collect$$libinit$$00000008          0x080001b6   Section        0  libinit2.o(.ARM.Collect$$libinit$$00000008)
    .ARM.Collect$$libinit$$0000000A          0x080001b6   Section        0  libinit2.o(.ARM.Collect$$libinit$$0000000A)
    .ARM.Collect$$libinit$$0000000C          0x080001b6   Section        0  libinit2.o(.ARM.Collect$$libinit$$0000000C)
    .ARM.Collect$$libinit$$0000000F          0x080001b6   Section        0  libinit2.o(.ARM.Collect$$libinit$$0000000F)
    .ARM.Collect$$libinit$$00000011          0x080001b6   Section        0  libinit2.o(.ARM.Collect$$libinit$$00000011)
    .ARM.Collect$$libinit$$00000013          0x080001b6   Section        0  libinit2.o(.ARM.Collect$$libinit$$00000013)
    .ARM.Collect$$libinit$$00000015          0x080001b6   Section        0  libinit2.o(.ARM.Collect$$libinit$$00000015)
    .ARM.Collect$$libinit$$00000017          0x080001b6   Section        0  libinit2.o(.ARM.Collect$$libinit$$00000017)
    .ARM.Collect$$libinit$$00000019          0x080001b6   Section        0  libinit2.o(.ARM.Collect$$libinit$$00000019)
    .ARM.Collect$$libinit$$0000001B          0x080001b6   Section        0  libinit2.o(.ARM.Collect$$libinit$$0000001B)
    .ARM.Collect$$libinit$$0000001D          0x080001b6   Section        0  libinit2.o(.ARM.Collect$$libinit$$0000001D)
    .ARM.Collect$$libinit$$0000001F          0x080001b6   Section        0  libinit2.o(.ARM.Collect$$libinit$$0000001F)
    .ARM.Collect$$libinit$$00000021          0x080001b6   Section        0  libinit2.o(.ARM.Collect$$libinit$$00000021)
    .ARM.Collect$$libinit$$00000023          0x080001b6   Section        0  libinit2.o(.ARM.Collect$$libinit$$00000023)
    .ARM.Collect$$libinit$$0000002A          0x080001b6   Section        0  libinit2.o(.ARM.Collect$$libinit$$0000002A)
    .ARM.Collect$$libinit$$0000002C          0x080001b6   Section        0  libinit2.o(.ARM.Collect$$libinit$$0000002C)
    .ARM.Collect$$libinit$$0000002E          0x080001b6   Section        0  libinit2.o(.ARM.Collect$$libinit$$0000002E)
    .ARM.Collect$$libinit$$00000030          0x080001b6   Section        0  libinit2.o(.ARM.Collect$$libinit$$00000030)
    .ARM.Collect$$libinit$$00000031          0x080001b6   Section        2  libinit2.o(.ARM.Collect$$libinit$$00000031)
    .ARM.Collect$$libshutdown$$00000000      0x080001b8   Section        2  libshutdown.o(.ARM.Collect$$libshutdown$$00000000)
    .ARM.Collect$$libshutdown$$00000003      0x080001ba   Section        0  libshutdown2.o(.ARM.Collect$$libshutdown$$00000003)
    .ARM.Collect$$libshutdown$$00000006      0x080001ba   Section        0  libshutdown2.o(.ARM.Collect$$libshutdown$$00000006)
    .ARM.Collect$$libshutdown$$00000009      0x080001ba   Section        0  libshutdown2.o(.ARM.Collect$$libshutdown$$00000009)
    .ARM.Collect$$libshutdown$$0000000B      0x080001ba   Section        0  libshutdown2.o(.ARM.Collect$$libshutdown$$0000000B)
    .ARM.Collect$$libshutdown$$0000000E      0x080001ba   Section        0  libshutdown2.o(.ARM.Collect$$libshutdown$$0000000E)
    .ARM.Collect$$libshutdown$$0000000F      0x080001ba   Section        2  libshutdown2.o(.ARM.Collect$$libshutdown$$0000000F)
    .ARM.Collect$$rtentry$$00000000          0x080001bc   Section        0  rtentry.o(.ARM.Collect$$rtentry$$00000000)
    .ARM.Collect$$rtentry$$00000002          0x080001bc   Section        0  rtentry2.o(.ARM.Collect$$rtentry$$00000002)
    .ARM.Collect$$rtentry$$00000004          0x080001bc   Section        6  rtentry4.o(.ARM.Collect$$rtentry$$00000004)
    .ARM.Collect$$rtentry$$00000009          0x080001c2   Section        0  rtentry2.o(.ARM.Collect$$rtentry$$00000009)
    .ARM.Collect$$rtentry$$0000000A          0x080001c2   Section        4  rtentry2.o(.ARM.Collect$$rtentry$$0000000A)
    .ARM.Collect$$rtentry$$0000000C          0x080001c6   Section        0  rtentry2.o(.ARM.Collect$$rtentry$$0000000C)
    .ARM.Collect$$rtentry$$0000000D          0x080001c6   Section        8  rtentry2.o(.ARM.Collect$$rtentry$$0000000D)
    .ARM.Collect$$rtexit$$00000000           0x080001ce   Section        2  rtexit.o(.ARM.Collect$$rtexit$$00000000)
    .ARM.Collect$$rtexit$$00000002           0x080001d0   Section        0  rtexit2.o(.ARM.Collect$$rtexit$$00000002)
    .ARM.Collect$$rtexit$$00000003           0x080001d0   Section        4  rtexit2.o(.ARM.Collect$$rtexit$$00000003)
    .ARM.Collect$$rtexit$$00000004           0x080001d4   Section        6  rtexit2.o(.ARM.Collect$$rtexit$$00000004)
    .text                                    0x080001dc   Section        0  main.o(.text)
    .text                                    0x0800042c   Section       64  startup_stm32f10x_hd.o(.text)
    .text                                    0x0800046c   Section        0  briupbaseperiph.o(.text)
    .text                                    0x08000548   Section        0  briupdelay.o(.text)
    .text                                    0x08000640   Section        0  briupkeyboard.o(.text)
    .text                                    0x080007bc   Section        0  briupusart1.o(.text)
    .text                                    0x08000920   Section        0  briupnvic.o(.text)
    .text                                    0x08000a44   Section        0  briuptim2.o(.text)
    .text                                    0x08000ad8   Section        0  briupfsmc.o(.text)
    .text                                    0x08000bdc   Section        0  briuplcd.o(.text)
    .text                                    0x08001914   Section        0  briupmpu6050.o(.text)
    .text                                    0x08001f7c   Section        0  briupmpudriver.o(.text)
    decode_gesture                           0x08002a31   Thumb Code    94  briupmpudriver.o(.text)
    I2C_delay                                0x08002ce5   Thumb Code    22  briupmpudriver.o(.text)
    I2C_Start                                0x08002cfb   Thumb Code    64  briupmpudriver.o(.text)
    I2C_Stop                                 0x08002d3b   Thumb Code    48  briupmpudriver.o(.text)
    I2C_Ack                                  0x08002d6b   Thumb Code    48  briupmpudriver.o(.text)
    I2C_NoAck                                0x08002d9b   Thumb Code    48  briupmpudriver.o(.text)
    I2C_WaitAck                              0x08002dcb   Thumb Code    62  briupmpudriver.o(.text)
    I2C_SendByte                             0x08002e09   Thumb Code    76  briupmpudriver.o(.text)
    I2C_ReceiveByte                          0x08002e55   Thumb Code    68  briupmpudriver.o(.text)
    .text                                    0x08003050   Section        0  inv_mpu.o(.text)
    set_int_enable                           0x0800329b   Thumb Code   138  inv_mpu.o(.text)
    gyro_self_test                           0x0800399f   Thumb Code   252  inv_mpu.o(.text)
    get_accel_prod_shift                     0x08003a9b   Thumb Code   168  inv_mpu.o(.text)
    accel_self_test                          0x08003b43   Thumb Code   160  inv_mpu.o(.text)
    get_st_biases                            0x08003be3   Thumb Code  1154  inv_mpu.o(.text)
    .text                                    0x08004f80   Section        0  system_stm32f10x.o(.text)
    SetSysClockTo72                          0x08004f81   Thumb Code   212  system_stm32f10x.o(.text)
    SetSysClock                              0x08005055   Thumb Code     8  system_stm32f10x.o(.text)
    .text                                    0x0800515c   Section        2  use_no_semi_2.o(.text)
    .text                                    0x0800515e   Section       72  llsdiv.o(.text)
    .text                                    0x080051a8   Section        0  noretval__2printf.o(.text)
    .text                                    0x080051c0   Section        0  __printf.o(.text)
    .text                                    0x08005228   Section        0  _printf_str.o(.text)
    .text                                    0x0800527c   Section        0  _printf_hex_int.o(.text)
    .text                                    0x080052d8   Section        0  memcmp.o(.text)
    .text                                    0x08005330   Section       16  aeabi_memset.o(.text)
    .text                                    0x08005340   Section        0  heapauxi.o(.text)
    .text                                    0x08005346   Section        2  use_no_semi.o(.text)
    .text                                    0x08005348   Section      238  lludivv7m.o(.text)
    .text                                    0x08005436   Section        0  _rserrno.o(.text)
    .text                                    0x0800544c   Section        0  _printf_intcommon.o(.text)
    .text                                    0x08005504   Section        0  _printf_char.o(.text)
    .text                                    0x08005530   Section        0  _printf_char_file.o(.text)
    .text                                    0x08005554   Section       68  rt_memclr.o(.text)
    .text                                    0x08005598   Section        8  rt_errno_addr_intlibspace.o(.text)
    .text                                    0x080055a0   Section        0  _printf_char_common.o(.text)
    _printf_input_char                       0x080055a1   Thumb Code    10  _printf_char_common.o(.text)
    .text                                    0x080055d0   Section        0  ferror.o(.text)
    .text                                    0x080055d8   Section       78  rt_memclr_w.o(.text)
    .text                                    0x08005628   Section        8  libspace.o(.text)
    .text                                    0x08005630   Section       74  sys_stackheap_outer.o(.text)
    .text                                    0x0800567a   Section        0  exit.o(.text)
    i.__ARM_fpclassify                       0x08005686   Section        0  fpclassify.o(i.__ARM_fpclassify)
    i.__kernel_poly                          0x080056ae   Section        0  poly.o(i.__kernel_poly)
    i.__mathlib_dbl_underflow                0x08005758   Section        0  dunder.o(i.__mathlib_dbl_underflow)
    i.asin                                   0x08005768   Section        0  asin.o(i.asin)
    i.atan                                   0x080059e4   Section        0  atan.o(i.atan)
    i.atan2                                  0x08005c08   Section        0  atan2.o(i.atan2)
    i.sqrt                                   0x08005d88   Section        0  sqrt.o(i.sqrt)
    x$fpl$d2f                                0x08005dd4   Section       98  d2f.o(x$fpl$d2f)
    x$fpl$dadd                               0x08005e38   Section      336  daddsub_clz.o(x$fpl$dadd)
    _dadd1                                   0x08005e49   Thumb Code     0  daddsub_clz.o(x$fpl$dadd)
    x$fpl$dcheck1                            0x08005f88   Section       16  dcheck1.o(x$fpl$dcheck1)
    x$fpl$ddiv                               0x08005f98   Section      688  ddiv.o(x$fpl$ddiv)
    ddiv_entry                               0x08005f9f   Thumb Code     0  ddiv.o(x$fpl$ddiv)
    x$fpl$dfixu                              0x08006248   Section       90  dfixu.o(x$fpl$dfixu)
    x$fpl$dfltu                              0x080062a2   Section       38  dflt_clz.o(x$fpl$dfltu)
    x$fpl$dmul                               0x080062c8   Section      340  dmul.o(x$fpl$dmul)
    x$fpl$dnaninf                            0x0800641c   Section      156  dnaninf.o(x$fpl$dnaninf)
    x$fpl$dretinf                            0x080064b8   Section       12  dretinf.o(x$fpl$dretinf)
    x$fpl$drsb                               0x080064c4   Section       22  daddsub_clz.o(x$fpl$drsb)
    x$fpl$dsqrt                              0x080064dc   Section      460  dsqrt_noumaal.o(x$fpl$dsqrt)
    x$fpl$dsub                               0x080066a8   Section      468  daddsub_clz.o(x$fpl$dsub)
    _dsub1                                   0x080066b9   Thumb Code     0  daddsub_clz.o(x$fpl$dsub)
    x$fpl$f2d                                0x0800687c   Section       86  f2d.o(x$fpl$f2d)
    x$fpl$fadd                               0x080068d4   Section      196  faddsub_clz.o(x$fpl$fadd)
    _fadd1                                   0x080068e3   Thumb Code     0  faddsub_clz.o(x$fpl$fadd)
    x$fpl$fcmpinf                            0x08006998   Section       24  fcmpi.o(x$fpl$fcmpinf)
    x$fpl$fdiv                               0x080069b0   Section      388  fdiv.o(x$fpl$fdiv)
    _fdiv1                                   0x080069b1   Thumb Code     0  fdiv.o(x$fpl$fdiv)
    x$fpl$feqf                               0x08006b34   Section      104  feqf.o(x$fpl$feqf)
    x$fpl$ffix                               0x08006b9c   Section       54  ffix.o(x$fpl$ffix)
    x$fpl$ffixu                              0x08006bd4   Section       62  ffixu.o(x$fpl$ffixu)
    x$fpl$fflt                               0x08006c14   Section       48  fflt_clz.o(x$fpl$fflt)
    x$fpl$ffltu                              0x08006c44   Section       38  fflt_clz.o(x$fpl$ffltu)
    x$fpl$fleqf                              0x08006c6c   Section      104  fleqf.o(x$fpl$fleqf)
    x$fpl$fmul                               0x08006cd4   Section      258  fmul.o(x$fpl$fmul)
    x$fpl$fnaninf                            0x08006dd6   Section      140  fnaninf.o(x$fpl$fnaninf)
    x$fpl$fretinf                            0x08006e62   Section       10  fretinf.o(x$fpl$fretinf)
    x$fpl$frleqf                             0x08006e6c   Section       98  frleqf.o(x$fpl$frleqf)
    x$fpl$fsub                               0x08006ed0   Section      234  faddsub_clz.o(x$fpl$fsub)
    _fsub1                                   0x08006edf   Thumb Code     0  faddsub_clz.o(x$fpl$fsub)
    x$fpl$retnan                             0x08006fba   Section      100  retnan.o(x$fpl$retnan)
    x$fpl$scalbn                             0x0800701e   Section       92  scalbn.o(x$fpl$scalbn)
    x$fpl$trapveneer                         0x0800707a   Section       48  trapv.o(x$fpl$trapveneer)
    .constdata                               0x080070aa   Section     8740  briuplcd.o(.constdata)
    x$fpl$usenofp                            0x080070aa   Section        0  usenofp.o(x$fpl$usenofp)
    .constdata                               0x080092ce   Section     3062  briupmpudriver.o(.constdata)
    dmp_memory                               0x080092ce   Data        3062  briupmpudriver.o(.constdata)
    .constdata                               0x08009ec4   Section       80  inv_mpu.o(.constdata)
    .constdata                               0x08009f14   Section    24600  test.o(.constdata)
    .constdata                               0x0800ff2c   Section       40  _printf_hex_int.o(.constdata)
    uc_hextab                                0x0800ff2c   Data          20  _printf_hex_int.o(.constdata)
    lc_hextab                                0x0800ff40   Data          20  _printf_hex_int.o(.constdata)
    .constdata                               0x0800ff58   Section       80  asin.o(.constdata)
    pS                                       0x0800ff58   Data          48  asin.o(.constdata)
    qS                                       0x0800ff88   Data          32  asin.o(.constdata)
    .constdata                               0x0800ffa8   Section      152  atan.o(.constdata)
    atanhi                                   0x0800ffa8   Data          32  atan.o(.constdata)
    atanlo                                   0x0800ffc8   Data          32  atan.o(.constdata)
    aTodd                                    0x0800ffe8   Data          40  atan.o(.constdata)
    aTeven                                   0x08010010   Data          48  atan.o(.constdata)
    .constdata                               0x08010040   Section        8  qnan.o(.constdata)
    .data                                    0x20000000   Section        8  briupdelay.o(.data)
    fac_us                                   0x20000000   Data           4  briupdelay.o(.data)
    fac_ms                                   0x20000004   Data           4  briupdelay.o(.data)
    .data                                    0x20000008   Section        4  briupusart1.o(.data)
    .data                                    0x2000000c   Section        1  briupnvic.o(.data)
    NVIC_group                               0x2000000c   Data           1  briupnvic.o(.data)
    .data                                    0x2000000d   Section        1  briuptim2.o(.data)
    BeepFlag                                 0x2000000d   Data           1  briuptim2.o(.data)
    .data                                    0x2000000e   Section        4  briuplcd.o(.data)
    .data                                    0x20000014   Section       59  briupmpu6050.o(.data)
    gyro_orientation                         0x20000014   Data           9  briupmpu6050.o(.data)
    .data                                    0x20000050   Section       44  inv_mpu.o(.data)
    st                                       0x20000050   Data          44  inv_mpu.o(.data)
    .data                                    0x2000007c   Section       20  system_stm32f10x.o(.data)
    .bss                                     0x20000090   Section       10  briuplcd.o(.bss)
    .bss                                     0x2000009c   Section       68  briupmpu6050.o(.bss)
    .bss                                     0x200000e0   Section       16  briupmpudriver.o(.bss)
    dmp                                      0x200000e0   Data          16  briupmpudriver.o(.bss)
    .bss                                     0x200000f0   Section       96  libspace.o(.bss)
    HEAP                                     0x20000150   Section      512  startup_stm32f10x_hd.o(HEAP)
    Heap_Mem                                 0x20000150   Data         512  startup_stm32f10x_hd.o(HEAP)
    STACK                                    0x20000350   Section     1024  startup_stm32f10x_hd.o(STACK)
    Stack_Mem                                0x20000350   Data        1024  startup_stm32f10x_hd.o(STACK)
    __initial_sp                             0x20000750   Data           0  startup_stm32f10x_hd.o(STACK)

    Global Symbols

    Symbol Name                              Value     Ov Type        Size  Object(Section)

    BuildAttributes$$THM_ISAv4$P$D$K$B$S$PE$A:L22UL41UL21$X:L11$S22US41US21$IEEE1$IW$USESV6$~STKCKD$USESV7$~SHL$OTIME$ROPI$IEEEX$EBA8$UX$STANDARDLIB$REQ8$PRES8$EABIv2 0x00000000   Number         0  anon$$obj.o ABSOLUTE
    __ARM_use_no_argv                        0x00000000   Number         0  main.o ABSOLUTE
    __ARM_exceptions_init                     - Undefined Weak Reference
    __alloca_initialize                       - Undefined Weak Reference
    __cpp_initialize__aeabi_                  - Undefined Weak Reference
    __cxa_finalize                            - Undefined Weak Reference
    __rt_locale                               - Undefined Weak Reference
    __sigvec_lookup                           - Undefined Weak Reference
    _atexit_init                              - Undefined Weak Reference
    _call_atexit_fns                          - Undefined Weak Reference
    _clock_init                               - Undefined Weak Reference
    _fp_trap_init                             - Undefined Weak Reference
    _fp_trap_shutdown                         - Undefined Weak Reference
    _get_lc_collate                           - Undefined Weak Reference
    _get_lc_ctype                             - Undefined Weak Reference
    _get_lc_monetary                          - Undefined Weak Reference
    _get_lc_numeric                           - Undefined Weak Reference
    _get_lc_time                              - Undefined Weak Reference
    _getenv_init                              - Undefined Weak Reference
    _handle_redirection                       - Undefined Weak Reference
    _init_alloc                               - Undefined Weak Reference
    _init_user_alloc                          - Undefined Weak Reference
    _initio                                   - Undefined Weak Reference
    _mutex_acquire                            - Undefined Weak Reference
    _mutex_release                            - Undefined Weak Reference
    _printf_mbtowc                            - Undefined Weak Reference
    _printf_post_padding                      - Undefined Weak Reference
    _printf_pre_padding                       - Undefined Weak Reference
    _printf_truncate_unsigned                 - Undefined Weak Reference
    _rand_init                                - Undefined Weak Reference
    _signal_finish                            - Undefined Weak Reference
    _signal_init                              - Undefined Weak Reference
    _terminate_alloc                          - Undefined Weak Reference
    _terminate_user_alloc                     - Undefined Weak Reference
    _terminateio                              - Undefined Weak Reference
    __Vectors_Size                           0x00000130   Number         0  startup_stm32f10x_hd.o ABSOLUTE
    __Vectors                                0x08000000   Data           4  startup_stm32f10x_hd.o(RESET)
    __Vectors_End                            0x08000130   Data           0  startup_stm32f10x_hd.o(RESET)
    __main                                   0x08000131   Thumb Code     8  __main.o(!!!main)
    __scatterload                            0x08000139   Thumb Code     0  __scatter.o(!!!scatter)
    __scatterload_rt2                        0x08000139   Thumb Code    44  __scatter.o(!!!scatter)
    __scatterload_rt2_thumb_only             0x08000139   Thumb Code     0  __scatter.o(!!!scatter)
    __scatterload_null                       0x08000147   Thumb Code     0  __scatter.o(!!!scatter)
    __scatterload_copy                       0x0800016d   Thumb Code    26  __scatter_copy.o(!!handler_copy)
    __scatterload_zeroinit                   0x08000189   Thumb Code    28  __scatter_zi.o(!!handler_zi)
    _printf_percent                          0x080001a5   Thumb Code     0  _printf_percent.o(.ARM.Collect$$_printf_percent$$00000000)
    _printf_x                                0x080001a5   Thumb Code     0  _printf_x.o(.ARM.Collect$$_printf_percent$$0000000C)
    _printf_c                                0x080001ab   Thumb Code     0  _printf_c.o(.ARM.Collect$$_printf_percent$$00000013)
    _printf_percent_end                      0x080001b1   Thumb Code     0  _printf_percent_end.o(.ARM.Collect$$_printf_percent$$00000017)
    __rt_lib_init                            0x080001b5   Thumb Code     0  libinit.o(.ARM.Collect$$libinit$$00000000)
    __rt_lib_init_alloca_1                   0x080001b7   Thumb Code     0  libinit2.o(.ARM.Collect$$libinit$$0000002C)
    __rt_lib_init_argv_1                     0x080001b7   Thumb Code     0  libinit2.o(.ARM.Collect$$libinit$$0000002A)
    __rt_lib_init_atexit_1                   0x080001b7   Thumb Code     0  libinit2.o(.ARM.Collect$$libinit$$00000019)
    __rt_lib_init_clock_1                    0x080001b7   Thumb Code     0  libinit2.o(.ARM.Collect$$libinit$$0000001F)
    __rt_lib_init_cpp_1                      0x080001b7   Thumb Code     0  libinit2.o(.ARM.Collect$$libinit$$00000030)
    __rt_lib_init_exceptions_1               0x080001b7   Thumb Code     0  libinit2.o(.ARM.Collect$$libinit$$0000002E)
    __rt_lib_init_fp_1                       0x080001b7   Thumb Code     0  libinit2.o(.ARM.Collect$$libinit$$00000002)
    __rt_lib_init_fp_trap_1                  0x080001b7   Thumb Code     0  libinit2.o(.ARM.Collect$$libinit$$0000001D)
    __rt_lib_init_getenv_1                   0x080001b7   Thumb Code     0  libinit2.o(.ARM.Collect$$libinit$$00000021)
    __rt_lib_init_heap_1                     0x080001b7   Thumb Code     0  libinit2.o(.ARM.Collect$$libinit$$00000008)
    __rt_lib_init_lc_collate_1               0x080001b7   Thumb Code     0  libinit2.o(.ARM.Collect$$libinit$$0000000F)
    __rt_lib_init_lc_ctype_1                 0x080001b7   Thumb Code     0  libinit2.o(.ARM.Collect$$libinit$$00000011)
    __rt_lib_init_lc_monetary_1              0x080001b7   Thumb Code     0  libinit2.o(.ARM.Collect$$libinit$$00000013)
    __rt_lib_init_lc_numeric_1               0x080001b7   Thumb Code     0  libinit2.o(.ARM.Collect$$libinit$$00000015)
    __rt_lib_init_lc_time_1                  0x080001b7   Thumb Code     0  libinit2.o(.ARM.Collect$$libinit$$00000017)
    __rt_lib_init_rand_1                     0x080001b7   Thumb Code     0  libinit2.o(.ARM.Collect$$libinit$$0000000C)
    __rt_lib_init_return                     0x080001b7   Thumb Code     0  libinit2.o(.ARM.Collect$$libinit$$00000031)
    __rt_lib_init_signal_1                   0x080001b7   Thumb Code     0  libinit2.o(.ARM.Collect$$libinit$$0000001B)
    __rt_lib_init_stdio_1                    0x080001b7   Thumb Code     0  libinit2.o(.ARM.Collect$$libinit$$00000023)
    __rt_lib_init_user_alloc_1               0x080001b7   Thumb Code     0  libinit2.o(.ARM.Collect$$libinit$$0000000A)
    __rt_lib_shutdown                        0x080001b9   Thumb Code     0  libshutdown.o(.ARM.Collect$$libshutdown$$00000000)
    __rt_lib_shutdown_fp_trap_1              0x080001bb   Thumb Code     0  libshutdown2.o(.ARM.Collect$$libshutdown$$00000006)
    __rt_lib_shutdown_heap_1                 0x080001bb   Thumb Code     0  libshutdown2.o(.ARM.Collect$$libshutdown$$0000000E)
    __rt_lib_shutdown_return                 0x080001bb   Thumb Code     0  libshutdown2.o(.ARM.Collect$$libshutdown$$0000000F)
    __rt_lib_shutdown_signal_1               0x080001bb   Thumb Code     0  libshutdown2.o(.ARM.Collect$$libshutdown$$00000009)
    __rt_lib_shutdown_stdio_1                0x080001bb   Thumb Code     0  libshutdown2.o(.ARM.Collect$$libshutdown$$00000003)
    __rt_lib_shutdown_user_alloc_1           0x080001bb   Thumb Code     0  libshutdown2.o(.ARM.Collect$$libshutdown$$0000000B)
    __rt_entry                               0x080001bd   Thumb Code     0  rtentry.o(.ARM.Collect$$rtentry$$00000000)
    __rt_entry_presh_1                       0x080001bd   Thumb Code     0  rtentry2.o(.ARM.Collect$$rtentry$$00000002)
    __rt_entry_sh                            0x080001bd   Thumb Code     0  rtentry4.o(.ARM.Collect$$rtentry$$00000004)
    __rt_entry_li                            0x080001c3   Thumb Code     0  rtentry2.o(.ARM.Collect$$rtentry$$0000000A)
    __rt_entry_postsh_1                      0x080001c3   Thumb Code     0  rtentry2.o(.ARM.Collect$$rtentry$$00000009)
    __rt_entry_main                          0x080001c7   Thumb Code     0  rtentry2.o(.ARM.Collect$$rtentry$$0000000D)
    __rt_entry_postli_1                      0x080001c7   Thumb Code     0  rtentry2.o(.ARM.Collect$$rtentry$$0000000C)
    __rt_exit                                0x080001cf   Thumb Code     0  rtexit.o(.ARM.Collect$$rtexit$$00000000)
    __rt_exit_ls                             0x080001d1   Thumb Code     0  rtexit2.o(.ARM.Collect$$rtexit$$00000003)
    __rt_exit_prels_1                        0x080001d1   Thumb Code     0  rtexit2.o(.ARM.Collect$$rtexit$$00000002)
    __rt_exit_exit                           0x080001d5   Thumb Code     0  rtexit2.o(.ARM.Collect$$rtexit$$00000004)
    main                                     0x080001dd   Thumb Code   580  main.o(.text)
    Reset_Handler                            0x0800042d   Thumb Code     8  startup_stm32f10x_hd.o(.text)
    NMI_Handler                              0x08000435   Thumb Code     2  startup_stm32f10x_hd.o(.text)
    HardFault_Handler                        0x08000437   Thumb Code     2  startup_stm32f10x_hd.o(.text)
    MemManage_Handler                        0x08000439   Thumb Code     2  startup_stm32f10x_hd.o(.text)
    BusFault_Handler                         0x0800043b   Thumb Code     2  startup_stm32f10x_hd.o(.text)
    UsageFault_Handler                       0x0800043d   Thumb Code     2  startup_stm32f10x_hd.o(.text)
    SVC_Handler                              0x0800043f   Thumb Code     2  startup_stm32f10x_hd.o(.text)
    DebugMon_Handler                         0x08000441   Thumb Code     2  startup_stm32f10x_hd.o(.text)
    PendSV_Handler                           0x08000443   Thumb Code     2  startup_stm32f10x_hd.o(.text)
    SysTick_Handler                          0x08000445   Thumb Code     2  startup_stm32f10x_hd.o(.text)
    ADC1_2_IRQHandler                        0x08000447   Thumb Code     0  startup_stm32f10x_hd.o(.text)
    ADC3_IRQHandler                          0x08000447   Thumb Code     0  startup_stm32f10x_hd.o(.text)
    CAN1_RX1_IRQHandler                      0x08000447   Thumb Code     0  startup_stm32f10x_hd.o(.text)
    CAN1_SCE_IRQHandler                      0x08000447   Thumb Code     0  startup_stm32f10x_hd.o(.text)
    DMA1_Channel1_IRQHandler                 0x08000447   Thumb Code     0  startup_stm32f10x_hd.o(.text)
    DMA1_Channel2_IRQHandler                 0x08000447   Thumb Code     0  startup_stm32f10x_hd.o(.text)
    DMA1_Channel3_IRQHandler                 0x08000447   Thumb Code     0  startup_stm32f10x_hd.o(.text)
    DMA1_Channel4_IRQHandler                 0x08000447   Thumb Code     0  startup_stm32f10x_hd.o(.text)
    DMA1_Channel5_IRQHandler                 0x08000447   Thumb Code     0  startup_stm32f10x_hd.o(.text)
    DMA1_Channel6_IRQHandler                 0x08000447   Thumb Code     0  startup_stm32f10x_hd.o(.text)
    DMA1_Channel7_IRQHandler                 0x08000447   Thumb Code     0  startup_stm32f10x_hd.o(.text)
    DMA2_Channel1_IRQHandler                 0x08000447   Thumb Code     0  startup_stm32f10x_hd.o(.text)
    DMA2_Channel2_IRQHandler                 0x08000447   Thumb Code     0  startup_stm32f10x_hd.o(.text)
    DMA2_Channel3_IRQHandler                 0x08000447   Thumb Code     0  startup_stm32f10x_hd.o(.text)
    DMA2_Channel4_5_IRQHandler               0x08000447   Thumb Code     0  startup_stm32f10x_hd.o(.text)
    EXTI0_IRQHandler                         0x08000447   Thumb Code     0  startup_stm32f10x_hd.o(.text)
    EXTI1_IRQHandler                         0x08000447   Thumb Code     0  startup_stm32f10x_hd.o(.text)
    EXTI2_IRQHandler                         0x08000447   Thumb Code     0  startup_stm32f10x_hd.o(.text)
    EXTI3_IRQHandler                         0x08000447   Thumb Code     0  startup_stm32f10x_hd.o(.text)
    FLASH_IRQHandler                         0x08000447   Thumb Code     0  startup_stm32f10x_hd.o(.text)
    FSMC_IRQHandler                          0x08000447   Thumb Code     0  startup_stm32f10x_hd.o(.text)
    I2C1_ER_IRQHandler                       0x08000447   Thumb Code     0  startup_stm32f10x_hd.o(.text)
    I2C1_EV_IRQHandler                       0x08000447   Thumb Code     0  startup_stm32f10x_hd.o(.text)
    I2C2_ER_IRQHandler                       0x08000447   Thumb Code     0  startup_stm32f10x_hd.o(.text)
    I2C2_EV_IRQHandler                       0x08000447   Thumb Code     0  startup_stm32f10x_hd.o(.text)
    PVD_IRQHandler                           0x08000447   Thumb Code     0  startup_stm32f10x_hd.o(.text)
    RCC_IRQHandler                           0x08000447   Thumb Code     0  startup_stm32f10x_hd.o(.text)
    RTCAlarm_IRQHandler                      0x08000447   Thumb Code     0  startup_stm32f10x_hd.o(.text)
    RTC_IRQHandler                           0x08000447   Thumb Code     0  startup_stm32f10x_hd.o(.text)
    SDIO_IRQHandler                          0x08000447   Thumb Code     0  startup_stm32f10x_hd.o(.text)
    SPI1_IRQHandler                          0x08000447   Thumb Code     0  startup_stm32f10x_hd.o(.text)
    SPI2_IRQHandler                          0x08000447   Thumb Code     0  startup_stm32f10x_hd.o(.text)
    SPI3_IRQHandler                          0x08000447   Thumb Code     0  startup_stm32f10x_hd.o(.text)
    TAMPER_IRQHandler                        0x08000447   Thumb Code     0  startup_stm32f10x_hd.o(.text)
    TIM1_BRK_IRQHandler                      0x08000447   Thumb Code     0  startup_stm32f10x_hd.o(.text)
    TIM1_CC_IRQHandler                       0x08000447   Thumb Code     0  startup_stm32f10x_hd.o(.text)
    TIM1_TRG_COM_IRQHandler                  0x08000447   Thumb Code     0  startup_stm32f10x_hd.o(.text)
    TIM1_UP_IRQHandler                       0x08000447   Thumb Code     0  startup_stm32f10x_hd.o(.text)
    TIM3_IRQHandler                          0x08000447   Thumb Code     0  startup_stm32f10x_hd.o(.text)
    TIM4_IRQHandler                          0x08000447   Thumb Code     0  startup_stm32f10x_hd.o(.text)
    TIM5_IRQHandler                          0x08000447   Thumb Code     0  startup_stm32f10x_hd.o(.text)
    TIM6_IRQHandler                          0x08000447   Thumb Code     0  startup_stm32f10x_hd.o(.text)
    TIM7_IRQHandler                          0x08000447   Thumb Code     0  startup_stm32f10x_hd.o(.text)
    TIM8_BRK_IRQHandler                      0x08000447   Thumb Code     0  startup_stm32f10x_hd.o(.text)
    TIM8_CC_IRQHandler                       0x08000447   Thumb Code     0  startup_stm32f10x_hd.o(.text)
    TIM8_TRG_COM_IRQHandler                  0x08000447   Thumb Code     0  startup_stm32f10x_hd.o(.text)
    TIM8_UP_IRQHandler                       0x08000447   Thumb Code     0  startup_stm32f10x_hd.o(.text)
    UART4_IRQHandler                         0x08000447   Thumb Code     0  startup_stm32f10x_hd.o(.text)
    UART5_IRQHandler                         0x08000447   Thumb Code     0  startup_stm32f10x_hd.o(.text)
    USART2_IRQHandler                        0x08000447   Thumb Code     0  startup_stm32f10x_hd.o(.text)
    USART3_IRQHandler                        0x08000447   Thumb Code     0  startup_stm32f10x_hd.o(.text)
    USBWakeUp_IRQHandler                     0x08000447   Thumb Code     0  startup_stm32f10x_hd.o(.text)
    USB_HP_CAN1_TX_IRQHandler                0x08000447   Thumb Code     0  startup_stm32f10x_hd.o(.text)
    USB_LP_CAN1_RX0_IRQHandler               0x08000447   Thumb Code     0  startup_stm32f10x_hd.o(.text)
    WWDG_IRQHandler                          0x08000447   Thumb Code     0  startup_stm32f10x_hd.o(.text)
    __user_initial_stackheap                 0x08000449   Thumb Code     0  startup_stm32f10x_hd.o(.text)
    resetLed                                 0x0800046d   Thumb Code    12  briupbaseperiph.o(.text)
    basePeriphInit                           0x08000479   Thumb Code    98  briupbaseperiph.o(.text)
    setLed                                   0x080004db   Thumb Code    12  briupbaseperiph.o(.text)
    setBeep                                  0x080004e7   Thumb Code    14  briupbaseperiph.o(.text)
    resetBeep                                0x080004f5   Thumb Code    14  briupbaseperiph.o(.text)
    setRelay2                                0x08000503   Thumb Code    14  briupbaseperiph.o(.text)
    resetRelay2                              0x08000511   Thumb Code    14  briupbaseperiph.o(.text)
    setRelay1                                0x0800051f   Thumb Code    14  briupbaseperiph.o(.text)
    resetRelay1                              0x0800052d   Thumb Code    14  briupbaseperiph.o(.text)
    delay_init                               0x08000549   Thumb Code    36  briupdelay.o(.text)
    _delay_us                                0x0800056d   Thumb Code    66  briupdelay.o(.text)
    _delay_ms                                0x080005af   Thumb Code    66  briupdelay.o(.text)
    _delay_s_                                0x080005f1   Thumb Code    68  briupdelay.o(.text)
    briupKeyInit                             0x08000641   Thumb Code   190  briupkeyboard.o(.text)
    getKeyValue                              0x080006ff   Thumb Code    74  briupkeyboard.o(.text)
    EXTI9_5_IRQHandler                       0x08000749   Thumb Code    50  briupkeyboard.o(.text)
    EXTI15_10_IRQHandler                     0x0800077b   Thumb Code    24  briupkeyboard.o(.text)
    EXTI4_IRQHandler                         0x08000793   Thumb Code    24  briupkeyboard.o(.text)
    _sys_exit                                0x080007bd   Thumb Code     6  briupusart1.o(.text)
    fputc                                    0x080007c3   Thumb Code    20  briupusart1.o(.text)
    briupUsart1Init                          0x080007d7   Thumb Code   194  briupusart1.o(.text)
    usart1Putchar                            0x08000899   Thumb Code    20  briupusart1.o(.text)
    usart1PutStr                             0x080008ad   Thumb Code    24  briupusart1.o(.text)
    usart1Getstr                             0x080008c5   Thumb Code    22  briupusart1.o(.text)
    USART1_IRQHandler                        0x080008db   Thumb Code    28  briupusart1.o(.text)
    briupNVICGroupInit                       0x08000921   Thumb Code    34  briupnvic.o(.text)
    briupNVICPriorityConfig                  0x08000943   Thumb Code    86  briupnvic.o(.text)
    briupExNVICInit                          0x08000999   Thumb Code   142  briupnvic.o(.text)
    briupTIM2Init                            0x08000a45   Thumb Code    54  briuptim2.o(.text)
    briupTIM2Start                           0x08000a7b   Thumb Code    20  briuptim2.o(.text)
    briupTIM2Stop                            0x08000a8f   Thumb Code    18  briuptim2.o(.text)
    TIM2_IRQHandler                          0x08000aa1   Thumb Code    48  briuptim2.o(.text)
    briupFSMCInit                            0x08000ad9   Thumb Code   226  briupfsmc.o(.text)
    LCD_WR_REG                               0x08000bdd   Thumb Code     6  briuplcd.o(.text)
    LCD_WR_DATA                              0x08000be3   Thumb Code     8  briuplcd.o(.text)
    LCD_RD_DATA                              0x08000beb   Thumb Code     8  briuplcd.o(.text)
    LCD_WriteReg                             0x08000bf3   Thumb Code    10  briuplcd.o(.text)
    LCD_ReadReg                              0x08000bfd   Thumb Code    22  briuplcd.o(.text)
    briupLcdFastDrawDirection                0x08000c13   Thumb Code   588  briuplcd.o(.text)
    briupLcdClear                            0x08000e5f   Thumb Code    40  briuplcd.o(.text)
    briupLcdInit                             0x08000e87   Thumb Code   686  briuplcd.o(.text)
    briupLcdDisplayOn                        0x08001135   Thumb Code    12  briuplcd.o(.text)
    briupLcdDisplayOff                       0x08001141   Thumb Code    12  briuplcd.o(.text)
    briupLcdFastDrawPoint                    0x0800114d   Thumb Code    62  briuplcd.o(.text)
    briupLcdFastDrawLine                     0x0800118b   Thumb Code   216  briuplcd.o(.text)
    briupLcdFastDrawCircle                   0x08001263   Thumb Code   352  briuplcd.o(.text)
    LCD_Pow                                  0x080013c3   Thumb Code    22  briuplcd.o(.text)
    briupLcdShowChar                         0x080013d9   Thumb Code   530  briuplcd.o(.text)
    briupLcdShowxNum                         0x080015eb   Thumb Code   228  briuplcd.o(.text)
    briupLcdImageInit                        0x080016cf   Thumb Code    28  briuplcd.o(.text)
    briupLcdImageDraw                        0x080016eb   Thumb Code   524  briuplcd.o(.text)
    briupMPU6050Init                         0x08001915   Thumb Code   210  briupmpu6050.o(.text)
    getMPU6050Data                           0x080019e7   Thumb Code  1396  briupmpu6050.o(.text)
    dmp_load_motion_driver_firmware          0x08001f7d   Thumb Code    20  briupmpudriver.o(.text)
    dmp_set_orientation                      0x08001f91   Thumb Code   290  briupmpudriver.o(.text)
    dmp_set_gyro_bias                        0x080020b3   Thumb Code   294  briupmpudriver.o(.text)
    dmp_set_accel_bias                       0x080021d9   Thumb Code   300  briupmpudriver.o(.text)
    dmp_set_fifo_rate                        0x08002305   Thumb Code   136  briupmpudriver.o(.text)
    dmp_get_fifo_rate                        0x0800238d   Thumb Code    12  briupmpudriver.o(.text)
    dmp_set_tap_thresh                       0x08002399   Thumb Code   396  briupmpudriver.o(.text)
    dmp_set_tap_axes                         0x08002525   Thumb Code    70  briupmpudriver.o(.text)
    dmp_set_tap_count                        0x0800256b   Thumb Code    38  briupmpudriver.o(.text)
    dmp_set_tap_time                         0x08002591   Thumb Code    38  briupmpudriver.o(.text)
    dmp_set_tap_time_multi                   0x080025b7   Thumb Code    38  briupmpudriver.o(.text)
    dmp_set_shake_reject_thresh              0x080025dd   Thumb Code    56  briupmpudriver.o(.text)
    dmp_set_shake_reject_time                0x08002615   Thumb Code    38  briupmpudriver.o(.text)
    dmp_set_shake_reject_timeout             0x0800263b   Thumb Code    38  briupmpudriver.o(.text)
    dmp_get_pedometer_step_count             0x08002661   Thumb Code    66  briupmpudriver.o(.text)
    dmp_set_pedometer_step_count             0x080026a3   Thumb Code    42  briupmpudriver.o(.text)
    dmp_get_pedometer_walk_time              0x080026cd   Thumb Code    72  briupmpudriver.o(.text)
    dmp_set_pedometer_walk_time              0x08002715   Thumb Code    48  briupmpudriver.o(.text)
    dmp_enable_6x_lp_quat                    0x08002745   Thumb Code    84  briupmpudriver.o(.text)
    dmp_enable_lp_quat                       0x08002799   Thumb Code    60  briupmpudriver.o(.text)
    dmp_enable_gyro_cal                      0x080027d5   Thumb Code    62  briupmpudriver.o(.text)
    dmp_enable_feature                       0x08002813   Thumb Code   530  briupmpudriver.o(.text)
    dmp_get_enabled_features                 0x08002a25   Thumb Code    12  briupmpudriver.o(.text)
    dmp_set_interrupt_mode                   0x08002a8f   Thumb Code    66  briupmpudriver.o(.text)
    dmp_read_fifo                            0x08002ad1   Thumb Code   512  briupmpudriver.o(.text)
    dmp_register_tap_cb                      0x08002cd1   Thumb Code    10  briupmpudriver.o(.text)
    dmp_register_android_orient_cb           0x08002cdb   Thumb Code    10  briupmpudriver.o(.text)
    i2cInit                                  0x08002e99   Thumb Code    36  briupmpudriver.o(.text)
    i2cWriteBuffer                           0x08002ebd   Thumb Code   100  briupmpudriver.o(.text)
    i2cwrite                                 0x08002f21   Thumb Code    38  briupmpudriver.o(.text)
    i2cRead                                  0x08002f47   Thumb Code   120  briupmpudriver.o(.text)
    i2cread                                  0x08002fbf   Thumb Code    38  briupmpudriver.o(.text)
    i2cWrite                                 0x08002fe5   Thumb Code   102  briupmpudriver.o(.text)
    i2cGetErrorCounter                       0x0800304b   Thumb Code     4  briupmpudriver.o(.text)
    mpu_get_accel_sens                       0x08003051   Thumb Code    78  inv_mpu.o(.text)
    mpu_get_gyro_sens                        0x0800309f   Thumb Code    58  inv_mpu.o(.text)
    mpu_reset_fifo                           0x080030d9   Thumb Code   450  inv_mpu.o(.text)
    mpu_set_lpf                              0x08003325   Thumb Code   126  inv_mpu.o(.text)
    mpu_configure_fifo                       0x080033a3   Thumb Code   106  inv_mpu.o(.text)
    mpu_set_int_latched                      0x0800340d   Thumb Code   124  inv_mpu.o(.text)
    mpu_lp_accel_mode                        0x08003489   Thumb Code   218  inv_mpu.o(.text)
    mpu_set_sample_rate                      0x08003563   Thumb Code   152  inv_mpu.o(.text)
    mpu_set_bypass                           0x080035fb   Thumb Code   328  inv_mpu.o(.text)
    mpu_set_dmp_state                        0x08003743   Thumb Code   138  inv_mpu.o(.text)
    mpu_set_sensors                          0x080037cd   Thumb Code   208  inv_mpu.o(.text)
    mpu_set_accel_fsr                        0x0800389d   Thumb Code   126  inv_mpu.o(.text)
    mpu_set_gyro_fsr                         0x0800391b   Thumb Code   132  inv_mpu.o(.text)
    mpu_get_fifo_config                      0x08004065   Thumb Code    12  inv_mpu.o(.text)
    mpu_get_sample_rate                      0x08004071   Thumb Code    26  inv_mpu.o(.text)
    mpu_get_lpf                              0x0800408b   Thumb Code    74  inv_mpu.o(.text)
    mpu_get_accel_fsr                        0x080040d5   Thumb Code    72  inv_mpu.o(.text)
    mpu_get_gyro_fsr                         0x0800411d   Thumb Code    64  inv_mpu.o(.text)
    mpu_run_self_test                        0x0800415d   Thumb Code   278  inv_mpu.o(.text)
    run_self_test                            0x08004273   Thumb Code   144  inv_mpu.o(.text)
    inv_row_2_scale                          0x08004303   Thumb Code    78  inv_mpu.o(.text)
    inv_orientation_matrix_to_scalar         0x08004351   Thumb Code    40  inv_mpu.o(.text)
    get_ms                                   0x08004379   Thumb Code     2  inv_mpu.o(.text)
    mpu_reg_dump                             0x0800437b   Thumb Code    72  inv_mpu.o(.text)
    mpu_read_reg                             0x080043c3   Thumb Code    66  inv_mpu.o(.text)
    mpu_init                                 0x08004405   Thumb Code   400  inv_mpu.o(.text)
    mpu_get_gyro_reg                         0x08004595   Thumb Code   110  inv_mpu.o(.text)
    mpu_get_accel_reg                        0x08004603   Thumb Code   110  inv_mpu.o(.text)
    mpu_get_temperature                      0x08004671   Thumb Code   150  inv_mpu.o(.text)
    mpu_set_accel_bias                       0x08004707   Thumb Code   390  inv_mpu.o(.text)
    mpu_get_compass_sample_rate              0x0800488d   Thumb Code    10  inv_mpu.o(.text)
    mpu_set_compass_sample_rate              0x08004897   Thumb Code     8  inv_mpu.o(.text)
    mpu_get_power_state                      0x0800489f   Thumb Code    22  inv_mpu.o(.text)
    mpu_get_int_status                       0x080048b5   Thumb Code    64  inv_mpu.o(.text)
    mpu_read_fifo                            0x080048f5   Thumb Code   500  inv_mpu.o(.text)
    mpu_read_fifo_stream                     0x08004ae9   Thumb Code   186  inv_mpu.o(.text)
    mpu_set_int_level                        0x08004ba3   Thumb Code    12  inv_mpu.o(.text)
    mpu_write_mem                            0x08004baf   Thumb Code   122  inv_mpu.o(.text)
    mpu_read_mem                             0x08004c29   Thumb Code   128  inv_mpu.o(.text)
    mpu_load_firmware                        0x08004ca9   Thumb Code   180  inv_mpu.o(.text)
    mpu_get_dmp_state                        0x08004d5d   Thumb Code    14  inv_mpu.o(.text)
    mpu_get_compass_reg                      0x08004d6b   Thumb Code     8  inv_mpu.o(.text)
    mpu_get_compass_fsr                      0x08004d73   Thumb Code     8  inv_mpu.o(.text)
    mpu_lp_motion_interrupt                  0x08004d7b   Thumb Code   512  inv_mpu.o(.text)
    SystemInit                               0x0800505d   Thumb Code    78  system_stm32f10x.o(.text)
    SystemCoreClockUpdate                    0x080050ab   Thumb Code   142  system_stm32f10x.o(.text)
    __use_no_semihosting                     0x0800515d   Thumb Code     2  use_no_semi_2.o(.text)
    __aeabi_ldivmod                          0x0800515f   Thumb Code     0  llsdiv.o(.text)
    _ll_sdiv                                 0x0800515f   Thumb Code    72  llsdiv.o(.text)
    __2printf                                0x080051a9   Thumb Code    20  noretval__2printf.o(.text)
    __printf                                 0x080051c1   Thumb Code   104  __printf.o(.text)
    _printf_str                              0x08005229   Thumb Code    82  _printf_str.o(.text)
    _printf_int_hex                          0x0800527d   Thumb Code    88  _printf_hex_int.o(.text)
    _printf_longlong_hex                     0x0800527d   Thumb Code     0  _printf_hex_int.o(.text)
    memcmp                                   0x080052d9   Thumb Code    88  memcmp.o(.text)
    __aeabi_memset                           0x08005331   Thumb Code    16  aeabi_memset.o(.text)
    __use_two_region_memory                  0x08005341   Thumb Code     2  heapauxi.o(.text)
    __rt_heap_escrow$2region                 0x08005343   Thumb Code     2  heapauxi.o(.text)
    __rt_heap_expand$2region                 0x08005345   Thumb Code     2  heapauxi.o(.text)
    __I$use$semihosting                      0x08005347   Thumb Code     0  use_no_semi.o(.text)
    __use_no_semihosting_swi                 0x08005347   Thumb Code     2  use_no_semi.o(.text)
    __aeabi_uldivmod                         0x08005349   Thumb Code     0  lludivv7m.o(.text)
    _ll_udiv                                 0x08005349   Thumb Code   238  lludivv7m.o(.text)
    __read_errno                             0x08005437   Thumb Code    10  _rserrno.o(.text)
    __set_errno                              0x08005441   Thumb Code    12  _rserrno.o(.text)
    _printf_int_common                       0x0800544d   Thumb Code   184  _printf_intcommon.o(.text)
    _printf_cs_common                        0x08005505   Thumb Code    20  _printf_char.o(.text)
    _printf_char                             0x08005519   Thumb Code    16  _printf_char.o(.text)
    _printf_string                           0x08005529   Thumb Code     8  _printf_char.o(.text)
    _printf_char_file                        0x08005531   Thumb Code    32  _printf_char_file.o(.text)
    __aeabi_memclr                           0x08005555   Thumb Code     0  rt_memclr.o(.text)
    __rt_memclr                              0x08005555   Thumb Code    68  rt_memclr.o(.text)
    _memset                                  0x08005559   Thumb Code     0  rt_memclr.o(.text)
    __aeabi_errno_addr                       0x08005599   Thumb Code     8  rt_errno_addr_intlibspace.o(.text)
    __errno$intlibspace                      0x08005599   Thumb Code     0  rt_errno_addr_intlibspace.o(.text)
    __rt_errno_addr$intlibspace              0x08005599   Thumb Code     0  rt_errno_addr_intlibspace.o(.text)
    _printf_char_common                      0x080055ab   Thumb Code    32  _printf_char_common.o(.text)
    ferror                                   0x080055d1   Thumb Code     8  ferror.o(.text)
    __aeabi_memclr4                          0x080055d9   Thumb Code     0  rt_memclr_w.o(.text)
    __aeabi_memclr8                          0x080055d9   Thumb Code     0  rt_memclr_w.o(.text)
    __rt_memclr_w                            0x080055d9   Thumb Code    78  rt_memclr_w.o(.text)
    _memset_w                                0x080055dd   Thumb Code     0  rt_memclr_w.o(.text)
    __user_libspace                          0x08005629   Thumb Code     8  libspace.o(.text)
    __user_perproc_libspace                  0x08005629   Thumb Code     0  libspace.o(.text)
    __user_perthread_libspace                0x08005629   Thumb Code     0  libspace.o(.text)
    __user_setup_stackheap                   0x08005631   Thumb Code    74  sys_stackheap_outer.o(.text)
    exit                                     0x0800567b   Thumb Code    12  exit.o(.text)
    __ARM_fpclassify                         0x08005687   Thumb Code    40  fpclassify.o(i.__ARM_fpclassify)
    __kernel_poly                            0x080056af   Thumb Code   170  poly.o(i.__kernel_poly)
    __mathlib_dbl_underflow                  0x08005759   Thumb Code    10  dunder.o(i.__mathlib_dbl_underflow)
    asin                                     0x08005769   Thumb Code   584  asin.o(i.asin)
    atan                                     0x080059e5   Thumb Code   478  atan.o(i.atan)
    atan2                                    0x08005c09   Thumb Code   346  atan2.o(i.atan2)
    sqrt                                     0x08005d89   Thumb Code    76  sqrt.o(i.sqrt)
    __aeabi_d2f                              0x08005dd5   Thumb Code     0  d2f.o(x$fpl$d2f)
    _d2f                                     0x08005dd5   Thumb Code    98  d2f.o(x$fpl$d2f)
    __aeabi_dadd                             0x08005e39   Thumb Code     0  daddsub_clz.o(x$fpl$dadd)
    _dadd                                    0x08005e39   Thumb Code   332  daddsub_clz.o(x$fpl$dadd)
    __fpl_dcheck_NaN1                        0x08005f89   Thumb Code    10  dcheck1.o(x$fpl$dcheck1)
    __aeabi_ddiv                             0x08005f99   Thumb Code     0  ddiv.o(x$fpl$ddiv)
    _ddiv                                    0x08005f99   Thumb Code   552  ddiv.o(x$fpl$ddiv)
    __aeabi_d2uiz                            0x08006249   Thumb Code     0  dfixu.o(x$fpl$dfixu)
    _dfixu                                   0x08006249   Thumb Code    90  dfixu.o(x$fpl$dfixu)
    __aeabi_ui2d                             0x080062a3   Thumb Code     0  dflt_clz.o(x$fpl$dfltu)
    _dfltu                                   0x080062a3   Thumb Code    38  dflt_clz.o(x$fpl$dfltu)
    __aeabi_dmul                             0x080062c9   Thumb Code     0  dmul.o(x$fpl$dmul)
    _dmul                                    0x080062c9   Thumb Code   332  dmul.o(x$fpl$dmul)
    __fpl_dnaninf                            0x0800641d   Thumb Code   156  dnaninf.o(x$fpl$dnaninf)
    __fpl_dretinf                            0x080064b9   Thumb Code    12  dretinf.o(x$fpl$dretinf)
    __aeabi_drsub                            0x080064c5   Thumb Code     0  daddsub_clz.o(x$fpl$drsb)
    _drsb                                    0x080064c5   Thumb Code    22  daddsub_clz.o(x$fpl$drsb)
    _dsqrt                                   0x080064dd   Thumb Code   456  dsqrt_noumaal.o(x$fpl$dsqrt)
    __aeabi_dsub                             0x080066a9   Thumb Code     0  daddsub_clz.o(x$fpl$dsub)
    _dsub                                    0x080066a9   Thumb Code   464  daddsub_clz.o(x$fpl$dsub)
    __aeabi_f2d                              0x0800687d   Thumb Code     0  f2d.o(x$fpl$f2d)
    _f2d                                     0x0800687d   Thumb Code    86  f2d.o(x$fpl$f2d)
    __aeabi_fadd                             0x080068d5   Thumb Code     0  faddsub_clz.o(x$fpl$fadd)
    _fadd                                    0x080068d5   Thumb Code   196  faddsub_clz.o(x$fpl$fadd)
    __fpl_fcmp_Inf                           0x08006999   Thumb Code    24  fcmpi.o(x$fpl$fcmpinf)
    __aeabi_fdiv                             0x080069b1   Thumb Code     0  fdiv.o(x$fpl$fdiv)
    _fdiv                                    0x080069b1   Thumb Code   384  fdiv.o(x$fpl$fdiv)
    __aeabi_cfcmpeq                          0x08006b35   Thumb Code     0  feqf.o(x$fpl$feqf)
    _fcmpeq                                  0x08006b35   Thumb Code   104  feqf.o(x$fpl$feqf)
    __aeabi_f2iz                             0x08006b9d   Thumb Code     0  ffix.o(x$fpl$ffix)
    _ffix                                    0x08006b9d   Thumb Code    54  ffix.o(x$fpl$ffix)
    __aeabi_f2uiz                            0x08006bd5   Thumb Code     0  ffixu.o(x$fpl$ffixu)
    _ffixu                                   0x08006bd5   Thumb Code    62  ffixu.o(x$fpl$ffixu)
    __aeabi_i2f                              0x08006c15   Thumb Code     0  fflt_clz.o(x$fpl$fflt)
    _fflt                                    0x08006c15   Thumb Code    48  fflt_clz.o(x$fpl$fflt)
    __aeabi_ui2f                             0x08006c45   Thumb Code     0  fflt_clz.o(x$fpl$ffltu)
    _ffltu                                   0x08006c45   Thumb Code    38  fflt_clz.o(x$fpl$ffltu)
    __aeabi_cfcmple                          0x08006c6d   Thumb Code     0  fleqf.o(x$fpl$fleqf)
    _fcmple                                  0x08006c6d   Thumb Code   104  fleqf.o(x$fpl$fleqf)
    __fpl_fcmple_InfNaN                      0x08006cbf   Thumb Code     0  fleqf.o(x$fpl$fleqf)
    __aeabi_fmul                             0x08006cd5   Thumb Code     0  fmul.o(x$fpl$fmul)
    _fmul                                    0x08006cd5   Thumb Code   258  fmul.o(x$fpl$fmul)
    __fpl_fnaninf                            0x08006dd7   Thumb Code   140  fnaninf.o(x$fpl$fnaninf)
    __fpl_fretinf                            0x08006e63   Thumb Code    10  fretinf.o(x$fpl$fretinf)
    __aeabi_cfrcmple                         0x08006e6d   Thumb Code     0  frleqf.o(x$fpl$frleqf)
    _frcmple                                 0x08006e6d   Thumb Code    98  frleqf.o(x$fpl$frleqf)
    __aeabi_fsub                             0x08006ed1   Thumb Code     0  faddsub_clz.o(x$fpl$fsub)
    _fsub                                    0x08006ed1   Thumb Code   234  faddsub_clz.o(x$fpl$fsub)
    __fpl_return_NaN                         0x08006fbb   Thumb Code   100  retnan.o(x$fpl$retnan)
    __ARM_scalbn                             0x0800701f   Thumb Code    92  scalbn.o(x$fpl$scalbn)
    __fpl_cmpreturn                          0x0800707b   Thumb Code    48  trapv.o(x$fpl$trapveneer)
    __I$use$fp                               0x080070aa   Number         0  usenofp.o(x$fpl$usenofp)
    asc2_1206                                0x080070aa   Data        1140  briuplcd.o(.constdata)
    asc2_1608                                0x0800751e   Data        1520  briuplcd.o(.constdata)
    asc2_3210                                0x08007b0e   Data        6080  briuplcd.o(.constdata)
    hw                                       0x08009ec4   Data          12  inv_mpu.o(.constdata)
    reg                                      0x08009ed0   Data          27  inv_mpu.o(.constdata)
    test                                     0x08009eec   Data          40  inv_mpu.o(.constdata)
    gImage_test                              0x08009f14   Data       13400  test.o(.constdata)
    gImage_test2                             0x0800d36c   Data       11200  test.o(.constdata)
    __mathlib_zero                           0x08010040   Data           8  qnan.o(.constdata)
    Region$$Table$$Base                      0x08010048   Number         0  anon$$obj.o(Region$$Table)
    Region$$Table$$Limit                     0x08010068   Number         0  anon$$obj.o(Region$$Table)
    __stdout                                 0x20000008   Data           4  briupusart1.o(.data)
    POINT_COLOR                              0x2000000e   Data           2  briuplcd.o(.data)
    BACK_COLOR                               0x20000010   Data           2  briuplcd.o(.data)
    q0                                       0x20000020   Data           4  briupmpu6050.o(.data)
    q1                                       0x20000024   Data           4  briupmpu6050.o(.data)
    q2                                       0x20000028   Data           4  briupmpu6050.o(.data)
    q3                                       0x2000002c   Data           4  briupmpu6050.o(.data)
    Pitch                                    0x20000030   Data           4  briupmpu6050.o(.data)
    Roll                                     0x20000034   Data           4  briupmpu6050.o(.data)
    Yaw                                      0x20000038   Data           4  briupmpu6050.o(.data)
    sensor_timestamp                         0x2000003c   Data           4  briupmpu6050.o(.data)
    gyro                                     0x20000040   Data           6  briupmpu6050.o(.data)
    accel                                    0x20000046   Data           6  briupmpu6050.o(.data)
    sensors                                  0x2000004c   Data           2  briupmpu6050.o(.data)
    more                                     0x2000004e   Data           1  briupmpu6050.o(.data)
    SystemCoreClock                          0x2000007c   Data           4  system_stm32f10x.o(.data)
    AHBPrescTable                            0x20000080   Data          16  system_stm32f10x.o(.data)
    lcddev                                   0x20000090   Data          10  briuplcd.o(.bss)
    num                                      0x2000009c   Data          50  briupmpu6050.o(.bss)
    quat                                     0x200000d0   Data          16  briupmpu6050.o(.bss)
    __libspace_start                         0x200000f0   Data          96  libspace.o(.bss)
    __temporary_stack_top$libspace           0x20000150   Data           0  libspace.o(.bss)



==============================================================================

Memory Map of the image

  Image Entry point : 0x08000131

  Load Region LR_IROM1 (Base: 0x08000000, Size: 0x000100f8, Max: 0x00080000, ABSOLUTE)

    Execution Region ER_IROM1 (Base: 0x08000000, Size: 0x00010068, Max: 0x00080000, ABSOLUTE)

    Base Addr    Size         Type   Attr      Idx    E Section Name        Object

    0x08000000   0x00000130   Data   RO          149    RESET               startup_stm32f10x_hd.o
    0x08000130   0x00000008   Code   RO          666  * !!!main             c_w.l(__main.o)
    0x08000138   0x00000034   Code   RO          982    !!!scatter          c_w.l(__scatter.o)
    0x0800016c   0x0000001a   Code   RO          984    !!handler_copy      c_w.l(__scatter_copy.o)
    0x08000186   0x00000002   PAD
    0x08000188   0x0000001c   Code   RO          986    !!handler_zi        c_w.l(__scatter_zi.o)
    0x080001a4   0x00000000   Code   RO          659    .ARM.Collect$$_printf_percent$$00000000  c_w.l(_printf_percent.o)
    0x080001a4   0x00000006   Code   RO          658    .ARM.Collect$$_printf_percent$$0000000C  c_w.l(_printf_x.o)
    0x080001aa   0x00000006   Code   RO          657    .ARM.Collect$$_printf_percent$$00000013  c_w.l(_printf_c.o)
    0x080001b0   0x00000004   Code   RO          757    .ARM.Collect$$_printf_percent$$00000017  c_w.l(_printf_percent_end.o)
    0x080001b4   0x00000002   Code   RO          852    .ARM.Collect$$libinit$$00000000  c_w.l(libinit.o)
    0x080001b6   0x00000000   Code   RO          864    .ARM.Collect$$libinit$$00000002  c_w.l(libinit2.o)
    0x080001b6   0x00000000   Code   RO          867    .ARM.Collect$$libinit$$00000008  c_w.l(libinit2.o)
    0x080001b6   0x00000000   Code   RO          869    .ARM.Collect$$libinit$$0000000A  c_w.l(libinit2.o)
    0x080001b6   0x00000000   Code   RO          871    .ARM.Collect$$libinit$$0000000C  c_w.l(libinit2.o)
    0x080001b6   0x00000000   Code   RO          874    .ARM.Collect$$libinit$$0000000F  c_w.l(libinit2.o)
    0x080001b6   0x00000000   Code   RO          876    .ARM.Collect$$libinit$$00000011  c_w.l(libinit2.o)
    0x080001b6   0x00000000   Code   RO          878    .ARM.Collect$$libinit$$00000013  c_w.l(libinit2.o)
    0x080001b6   0x00000000   Code   RO          880    .ARM.Collect$$libinit$$00000015  c_w.l(libinit2.o)
    0x080001b6   0x00000000   Code   RO          882    .ARM.Collect$$libinit$$00000017  c_w.l(libinit2.o)
    0x080001b6   0x00000000   Code   RO          884    .ARM.Collect$$libinit$$00000019  c_w.l(libinit2.o)
    0x080001b6   0x00000000   Code   RO          886    .ARM.Collect$$libinit$$0000001B  c_w.l(libinit2.o)
    0x080001b6   0x00000000   Code   RO          888    .ARM.Collect$$libinit$$0000001D  c_w.l(libinit2.o)
    0x080001b6   0x00000000   Code   RO          890    .ARM.Collect$$libinit$$0000001F  c_w.l(libinit2.o)
    0x080001b6   0x00000000   Code   RO          892    .ARM.Collect$$libinit$$00000021  c_w.l(libinit2.o)
    0x080001b6   0x00000000   Code   RO          894    .ARM.Collect$$libinit$$00000023  c_w.l(libinit2.o)
    0x080001b6   0x00000000   Code   RO          898    .ARM.Collect$$libinit$$0000002A  c_w.l(libinit2.o)
    0x080001b6   0x00000000   Code   RO          900    .ARM.Collect$$libinit$$0000002C  c_w.l(libinit2.o)
    0x080001b6   0x00000000   Code   RO          902    .ARM.Collect$$libinit$$0000002E  c_w.l(libinit2.o)
    0x080001b6   0x00000000   Code   RO          904    .ARM.Collect$$libinit$$00000030  c_w.l(libinit2.o)
    0x080001b6   0x00000002   Code   RO          905    .ARM.Collect$$libinit$$00000031  c_w.l(libinit2.o)
    0x080001b8   0x00000002   Code   RO          935    .ARM.Collect$$libshutdown$$00000000  c_w.l(libshutdown.o)
    0x080001ba   0x00000000   Code   RO          950    .ARM.Collect$$libshutdown$$00000003  c_w.l(libshutdown2.o)
    0x080001ba   0x00000000   Code   RO          953    .ARM.Collect$$libshutdown$$00000006  c_w.l(libshutdown2.o)
    0x080001ba   0x00000000   Code   RO          956    .ARM.Collect$$libshutdown$$00000009  c_w.l(libshutdown2.o)
    0x080001ba   0x00000000   Code   RO          958    .ARM.Collect$$libshutdown$$0000000B  c_w.l(libshutdown2.o)
    0x080001ba   0x00000000   Code   RO          961    .ARM.Collect$$libshutdown$$0000000E  c_w.l(libshutdown2.o)
    0x080001ba   0x00000002   Code   RO          962    .ARM.Collect$$libshutdown$$0000000F  c_w.l(libshutdown2.o)
    0x080001bc   0x00000000   Code   RO          746    .ARM.Collect$$rtentry$$00000000  c_w.l(rtentry.o)
    0x080001bc   0x00000000   Code   RO          799    .ARM.Collect$$rtentry$$00000002  c_w.l(rtentry2.o)
    0x080001bc   0x00000006   Code   RO          811    .ARM.Collect$$rtentry$$00000004  c_w.l(rtentry4.o)
    0x080001c2   0x00000000   Code   RO          801    .ARM.Collect$$rtentry$$00000009  c_w.l(rtentry2.o)
    0x080001c2   0x00000004   Code   RO          802    .ARM.Collect$$rtentry$$0000000A  c_w.l(rtentry2.o)
    0x080001c6   0x00000000   Code   RO          804    .ARM.Collect$$rtentry$$0000000C  c_w.l(rtentry2.o)
    0x080001c6   0x00000008   Code   RO          805    .ARM.Collect$$rtentry$$0000000D  c_w.l(rtentry2.o)
    0x080001ce   0x00000002   Code   RO          857    .ARM.Collect$$rtexit$$00000000  c_w.l(rtexit.o)
    0x080001d0   0x00000000   Code   RO          909    .ARM.Collect$$rtexit$$00000002  c_w.l(rtexit2.o)
    0x080001d0   0x00000004   Code   RO          910    .ARM.Collect$$rtexit$$00000003  c_w.l(rtexit2.o)
    0x080001d4   0x00000006   Code   RO          911    .ARM.Collect$$rtexit$$00000004  c_w.l(rtexit2.o)
    0x080001da   0x00000002   PAD
    0x080001dc   0x00000250   Code   RO            1    .text               main.o
    0x0800042c   0x00000040   Code   RO          150    .text               startup_stm32f10x_hd.o
    0x0800046c   0x000000dc   Code   RO          155    .text               briupbaseperiph.o
    0x08000548   0x000000f8   Code   RO          253    .text               briupdelay.o
    0x08000640   0x0000017c   Code   RO          353    .text               briupkeyboard.o
    0x080007bc   0x00000164   Code   RO          385    .text               briupusart1.o
    0x08000920   0x00000124   Code   RO          410    .text               briupnvic.o
    0x08000a44   0x00000094   Code   RO          424    .text               briuptim2.o
    0x08000ad8   0x00000104   Code   RO          438    .text               briupfsmc.o
    0x08000bdc   0x00000d38   Code   RO          453    .text               briuplcd.o
    0x08001914   0x00000668   Code   RO          482    .text               briupmpu6050.o
    0x08001f7c   0x000010d2   Code   RO          514    .text               briupmpudriver.o
    0x0800304e   0x00000002   PAD
    0x08003050   0x00001f30   Code   RO          541    .text               inv_mpu.o
    0x08004f80   0x000001dc   Code   RO          577    .text               system_stm32f10x.o
    0x0800515c   0x00000002   Code   RO          604    .text               c_w.l(use_no_semi_2.o)
    0x0800515e   0x00000048   Code   RO          606    .text               c_w.l(llsdiv.o)
    0x080051a6   0x00000002   PAD
    0x080051a8   0x00000018   Code   RO          610    .text               c_w.l(noretval__2printf.o)
    0x080051c0   0x00000068   Code   RO          612    .text               c_w.l(__printf.o)
    0x08005228   0x00000052   Code   RO          614    .text               c_w.l(_printf_str.o)
    0x0800527a   0x00000002   PAD
    0x0800527c   0x0000005c   Code   RO          619    .text               c_w.l(_printf_hex_int.o)
    0x080052d8   0x00000058   Code   RO          660    .text               c_w.l(memcmp.o)
    0x08005330   0x00000010   Code   RO          662    .text               c_w.l(aeabi_memset.o)
    0x08005340   0x00000006   Code   RO          664    .text               c_w.l(heapauxi.o)
    0x08005346   0x00000002   Code   RO          744    .text               c_w.l(use_no_semi.o)
    0x08005348   0x000000ee   Code   RO          747    .text               c_w.l(lludivv7m.o)
    0x08005436   0x00000016   Code   RO          749    .text               c_w.l(_rserrno.o)
    0x0800544c   0x000000b8   Code   RO          751    .text               c_w.l(_printf_intcommon.o)
    0x08005504   0x0000002c   Code   RO          753    .text               c_w.l(_printf_char.o)
    0x08005530   0x00000024   Code   RO          755    .text               c_w.l(_printf_char_file.o)
    0x08005554   0x00000044   Code   RO          758    .text               c_w.l(rt_memclr.o)
    0x08005598   0x00000008   Code   RO          820    .text               c_w.l(rt_errno_addr_intlibspace.o)
    0x080055a0   0x00000030   Code   RO          822    .text               c_w.l(_printf_char_common.o)
    0x080055d0   0x00000008   Code   RO          824    .text               c_w.l(ferror.o)
    0x080055d8   0x0000004e   Code   RO          828    .text               c_w.l(rt_memclr_w.o)
    0x08005626   0x00000002   PAD
    0x08005628   0x00000008   Code   RO          836    .text               c_w.l(libspace.o)
    0x08005630   0x0000004a   Code   RO          839    .text               c_w.l(sys_stackheap_outer.o)
    0x0800567a   0x0000000c   Code   RO          845    .text               c_w.l(exit.o)
    0x08005686   0x00000028   Code   RO          785    i.__ARM_fpclassify  m_ws.l(fpclassify.o)
    0x080056ae   0x000000aa   Code   RO          787    i.__kernel_poly     m_ws.l(poly.o)
    0x08005758   0x00000010   Code   RO          783    i.__mathlib_dbl_underflow  m_ws.l(dunder.o)
    0x08005768   0x0000027c   Code   RO          727    i.asin              m_ws.l(asin.o)
    0x080059e4   0x00000224   Code   RO          774    i.atan              m_ws.l(atan.o)
    0x08005c08   0x00000180   Code   RO          737    i.atan2             m_ws.l(atan2.o)
    0x08005d88   0x0000004c   Code   RO          791    i.sqrt              m_ws.l(sqrt.o)
    0x08005dd4   0x00000062   Code   RO          668    x$fpl$d2f           fz_ws.l(d2f.o)
    0x08005e36   0x00000002   PAD
    0x08005e38   0x00000150   Code   RO          670    x$fpl$dadd          fz_ws.l(daddsub_clz.o)
    0x08005f88   0x00000010   Code   RO          830    x$fpl$dcheck1       fz_ws.l(dcheck1.o)
    0x08005f98   0x000002b0   Code   RO          677    x$fpl$ddiv          fz_ws.l(ddiv.o)
    0x08006248   0x0000005a   Code   RO          680    x$fpl$dfixu         fz_ws.l(dfixu.o)
    0x080062a2   0x00000026   Code   RO          684    x$fpl$dfltu         fz_ws.l(dflt_clz.o)
    0x080062c8   0x00000154   Code   RO          690    x$fpl$dmul          fz_ws.l(dmul.o)
    0x0800641c   0x0000009c   Code   RO          760    x$fpl$dnaninf       fz_ws.l(dnaninf.o)
    0x080064b8   0x0000000c   Code   RO          762    x$fpl$dretinf       fz_ws.l(dretinf.o)
    0x080064c4   0x00000016   Code   RO          671    x$fpl$drsb          fz_ws.l(daddsub_clz.o)
    0x080064da   0x00000002   PAD
    0x080064dc   0x000001cc   Code   RO          834    x$fpl$dsqrt         fz_ws.l(dsqrt_noumaal.o)
    0x080066a8   0x000001d4   Code   RO          672    x$fpl$dsub          fz_ws.l(daddsub_clz.o)
    0x0800687c   0x00000056   Code   RO          692    x$fpl$f2d           fz_ws.l(f2d.o)
    0x080068d2   0x00000002   PAD
    0x080068d4   0x000000c4   Code   RO          694    x$fpl$fadd          fz_ws.l(faddsub_clz.o)
    0x08006998   0x00000018   Code   RO          764    x$fpl$fcmpinf       fz_ws.l(fcmpi.o)
    0x080069b0   0x00000184   Code   RO          701    x$fpl$fdiv          fz_ws.l(fdiv.o)
    0x08006b34   0x00000068   Code   RO          704    x$fpl$feqf          fz_ws.l(feqf.o)
    0x08006b9c   0x00000036   Code   RO          706    x$fpl$ffix          fz_ws.l(ffix.o)
    0x08006bd2   0x00000002   PAD
    0x08006bd4   0x0000003e   Code   RO          710    x$fpl$ffixu         fz_ws.l(ffixu.o)
    0x08006c12   0x00000002   PAD
    0x08006c14   0x00000030   Code   RO          715    x$fpl$fflt          fz_ws.l(fflt_clz.o)
    0x08006c44   0x00000026   Code   RO          714    x$fpl$ffltu         fz_ws.l(fflt_clz.o)
    0x08006c6a   0x00000002   PAD
    0x08006c6c   0x00000068   Code   RO          720    x$fpl$fleqf         fz_ws.l(fleqf.o)
    0x08006cd4   0x00000102   Code   RO          722    x$fpl$fmul          fz_ws.l(fmul.o)
    0x08006dd6   0x0000008c   Code   RO          766    x$fpl$fnaninf       fz_ws.l(fnaninf.o)
    0x08006e62   0x0000000a   Code   RO          768    x$fpl$fretinf       fz_ws.l(fretinf.o)
    0x08006e6c   0x00000062   Code   RO          724    x$fpl$frleqf        fz_ws.l(frleqf.o)
    0x08006ece   0x00000002   PAD
    0x08006ed0   0x000000ea   Code   RO          696    x$fpl$fsub          fz_ws.l(faddsub_clz.o)
    0x08006fba   0x00000064   Code   RO          855    x$fpl$retnan        fz_ws.l(retnan.o)
    0x0800701e   0x0000005c   Code   RO          770    x$fpl$scalbn        fz_ws.l(scalbn.o)
    0x0800707a   0x00000030   Code   RO          906    x$fpl$trapveneer    fz_ws.l(trapv.o)
    0x080070aa   0x00000000   Code   RO          772    x$fpl$usenofp       fz_ws.l(usenofp.o)
    0x080070aa   0x00002224   Data   RO          455    .constdata          briuplcd.o
    0x080092ce   0x00000bf6   Data   RO          516    .constdata          briupmpudriver.o
    0x08009ec4   0x00000050   Data   RO          542    .constdata          inv_mpu.o
    0x08009f14   0x00006018   Data   RO          595    .constdata          test.o
    0x0800ff2c   0x00000028   Data   RO          620    .constdata          c_w.l(_printf_hex_int.o)
    0x0800ff54   0x00000004   PAD
    0x0800ff58   0x00000050   Data   RO          728    .constdata          m_ws.l(asin.o)
    0x0800ffa8   0x00000098   Data   RO          775    .constdata          m_ws.l(atan.o)
    0x08010040   0x00000008   Data   RO          789    .constdata          m_ws.l(qnan.o)
    0x08010048   0x00000020   Data   RO          980    Region$$Table       anon$$obj.o


    Execution Region RW_IRAM1 (Base: 0x20000000, Size: 0x00000750, Max: 0x00010000, ABSOLUTE)

    Base Addr    Size         Type   Attr      Idx    E Section Name        Object

    0x20000000   0x00000008   Data   RW          254    .data               briupdelay.o
    0x20000008   0x00000004   Data   RW          386    .data               briupusart1.o
    0x2000000c   0x00000001   Data   RW          411    .data               briupnvic.o
    0x2000000d   0x00000001   Data   RW          425    .data               briuptim2.o
    0x2000000e   0x00000004   Data   RW          456    .data               briuplcd.o
    0x20000012   0x00000002   PAD
    0x20000014   0x0000003b   Data   RW          484    .data               briupmpu6050.o
    0x2000004f   0x00000001   PAD
    0x20000050   0x0000002c   Data   RW          543    .data               inv_mpu.o
    0x2000007c   0x00000014   Data   RW          578    .data               system_stm32f10x.o
    0x20000090   0x0000000a   Zero   RW          454    .bss                briuplcd.o
    0x2000009a   0x00000002   PAD
    0x2000009c   0x00000044   Zero   RW          483    .bss                briupmpu6050.o
    0x200000e0   0x00000010   Zero   RW          515    .bss                briupmpudriver.o
    0x200000f0   0x00000060   Zero   RW          837    .bss                c_w.l(libspace.o)
    0x20000150   0x00000200   Zero   RW          148    HEAP                startup_stm32f10x_hd.o
    0x20000350   0x00000400   Zero   RW          147    STACK               startup_stm32f10x_hd.o


==============================================================================

Image component sizes


      Code (inc. data)   RO Data    RW Data    ZI Data      Debug   Object Name

       220         14          0          0          0     204479   briupbaseperiph.o
       248         12          0          8          0     204331   briupdelay.o
       260         34          0          0          0        508   briupfsmc.o
       380         18          0          0          0       1492   briupkeyboard.o
      3384         84       8740          4         10       9906   briuplcd.o
      1640        828          0         59         68       2021   briupmpu6050.o
      4306        150       3062          0         16      18451   briupmpudriver.o
       292         30          0          1          0       1661   briupnvic.o
       148          8          0          1          0       1385   briuptim2.o
       356         42          0          4          0       3270   briupusart1.o
      7984         90         80         44          0      21776   inv_mpu.o
       592         12          0          0          0     209671   main.o
        64         26        304          0       1536        896   startup_stm32f10x_hd.o
       476         36          0         20          0       1923   system_stm32f10x.o
         0          0      24600          0          0        403   test.o

    ----------------------------------------------------------------------
     20352       1384      36818        144       1632     682173   Object Totals
         0          0         32          0          0          0   (incl. Generated)
         2          0          0          3          2          0   (incl. Padding)

    ----------------------------------------------------------------------

      Code (inc. data)   RO Data    RW Data    ZI Data      Debug   Library Member Name

         8          0          0          0          0         68   __main.o
       104          0          0          0          0         84   __printf.o
        52          8          0          0          0          0   __scatter.o
        26          0          0          0          0          0   __scatter_copy.o
        28          0          0          0          0          0   __scatter_zi.o
         6          0          0          0          0          0   _printf_c.o
        44          0          0          0          0        108   _printf_char.o
        48          6          0          0          0         96   _printf_char_common.o
        36          4          0          0          0         80   _printf_char_file.o
        92          4         40          0          0         88   _printf_hex_int.o
       184          0          0          0          0         88   _printf_intcommon.o
         0          0          0          0          0          0   _printf_percent.o
         4          0          0          0          0          0   _printf_percent_end.o
        82          0          0          0          0         80   _printf_str.o
         6          0          0          0          0          0   _printf_x.o
        22          0          0          0          0        100   _rserrno.o
        16          0          0          0          0         68   aeabi_memset.o
        12          0          0          0          0         72   exit.o
         8          0          0          0          0         68   ferror.o
         6          0          0          0          0        152   heapauxi.o
         2          0          0          0          0          0   libinit.o
         2          0          0          0          0          0   libinit2.o
         2          0          0          0          0          0   libshutdown.o
         2          0          0          0          0          0   libshutdown2.o
         8          4          0          0         96         68   libspace.o
        72          0          0          0          0         76   llsdiv.o
       238          0          0          0          0        100   lludivv7m.o
        88          0          0          0          0         76   memcmp.o
        24          4          0          0          0         84   noretval__2printf.o
         8          4          0          0          0         68   rt_errno_addr_intlibspace.o
        68          0          0          0          0         68   rt_memclr.o
        78          0          0          0          0         80   rt_memclr_w.o
         0          0          0          0          0          0   rtentry.o
        12          0          0          0          0          0   rtentry2.o
         6          0          0          0          0          0   rtentry4.o
         2          0          0          0          0          0   rtexit.o
        10          0          0          0          0          0   rtexit2.o
        74          0          0          0          0         80   sys_stackheap_outer.o
         2          0          0          0          0         68   use_no_semi.o
         2          0          0          0          0         68   use_no_semi_2.o
        98          4          0          0          0         92   d2f.o
       826         16          0          0          0        348   daddsub_clz.o
        16          4          0          0          0         68   dcheck1.o
       688        140          0          0          0        208   ddiv.o
        90          4          0          0          0         92   dfixu.o
        38          0          0          0          0         68   dflt_clz.o
       340         12          0          0          0        104   dmul.o
       156          4          0          0          0         92   dnaninf.o
        12          0          0          0          0         68   dretinf.o
       460         56          0          0          0        120   dsqrt_noumaal.o
        86          4          0          0          0         84   f2d.o
       430          8          0          0          0        168   faddsub_clz.o
        24          0          0          0          0         68   fcmpi.o
       388         76          0          0          0         96   fdiv.o
       104          4          0          0          0         84   feqf.o
        54          4          0          0          0         84   ffix.o
        62          4          0          0          0         84   ffixu.o
        86          0          0          0          0        136   fflt_clz.o
       104          4          0          0          0         84   fleqf.o
       258          4          0          0          0         84   fmul.o
       140          4          0          0          0         84   fnaninf.o
        10          0          0          0          0         68   fretinf.o
        98          0          0          0          0         68   frleqf.o
       100          0          0          0          0         68   retnan.o
        92          0          0          0          0         68   scalbn.o
        48          0          0          0          0         68   trapv.o
         0          0          0          0          0          0   usenofp.o
       636         52         80          0          0        168   asin.o
       548         70        152          0          0        124   atan.o
       384         38          0          0          0        144   atan2.o
        16          6          0          0          0         68   dunder.o
        40          0          0          0          0         68   fpclassify.o
       170          0          0          0          0         96   poly.o
         0          0          8          0          0          0   qnan.o
        76          0          0          0          0         84   sqrt.o

    ----------------------------------------------------------------------
      8186        552        284          0         96       5396   Library Totals
        24          0          4          0          0          0   (incl. Padding)

    ----------------------------------------------------------------------

      Code (inc. data)   RO Data    RW Data    ZI Data      Debug   Library Name

      1484         34         40          0         96       1988   c_w.l
      4808        352          0          0          0       2656   fz_ws.l
      1870        166        240          0          0        752   m_ws.l

    ----------------------------------------------------------------------
      8186        552        284          0         96       5396   Library Totals

    ----------------------------------------------------------------------

==============================================================================


      Code (inc. data)   RO Data    RW Data    ZI Data      Debug   

     28538       1936      37102        144       1728     683149   Grand Totals
     28538       1936      37102        144       1728     683149   ELF Image Totals
     28538       1936      37102        144          0          0   ROM Totals

==============================================================================

    Total RO  Size (Code + RO Data)                65640 (  64.10kB)
    Total RW  Size (RW Data + ZI Data)              1872 (   1.83kB)
    Total ROM Size (Code + RO Data + RW Data)      65784 (  64.24kB)

==============================================================================

