<html>
<body>
<pre>
<h1>µVision Build Log</h1>
<h2>Project:</h2>
E:\keil4-32\keil4WorkSpace\EMSD1701\ch01\Project\Pro\BriupStm32.uvproj
Project File Date:  08/24/2017

<h2>Output:</h2>
Build target 'BriupStm32'
assembling startup_stm32f10x_hd.s...
compiling core_cm3.c...
compiling system_stm32f10x.c...
..\..\Libraries\CMSIS\CM3\DeviceSupport\ST\STM32F10x\stm32f10x.h(96): error:  #35: #error directive: "Please select first the target STM32F10x device used in your application (in stm32f10x.h file)"
".\BriupStm32.axf" - 1 Errors, 0 Warning(s).
Target not created
compiling main.c...
"..\..\User\src\main.c" - 0 Errors, 0 Warning(s).
Build target 'BriupStm32'
assembling startup_stm32f10x_hd.s...
compiling core_cm3.c...
compiling system_stm32f10x.c...
linking...
Program Size: Code=816 RO-data=336 RW-data=20 ZI-data=1636  
FromELF: creating hex file...
"..\OBJ\BriupStm32.axf" - 0 Errors, 0 Warning(s).
